
===========================================================================
 report_power
============================================================================
======================= nom_ss_100C_1v60 Corner ===================================

Group                    Internal    Switching      Leakage        Total
                            Power        Power        Power        Power (Watts)
------------------------------------------------------------------------
Sequential           0.000000e+00 0.000000e+00 0.000000e+00 0.000000e+00   0.0%
Combinational        3.328664e-06 6.475856e-06 2.564458e-07 1.006097e-05 100.0%
Clock                0.000000e+00 0.000000e+00 2.253582e-10 2.253582e-10   0.0%
Macro                0.000000e+00 0.000000e+00 0.000000e+00 0.000000e+00   0.0%
Pad                  0.000000e+00 0.000000e+00 0.000000e+00 0.000000e+00   0.0%
------------------------------------------------------------------------
Total                3.328664e-06 6.475856e-06 2.566712e-07 1.006119e-05 100.0%
                            33.1%        64.4%         2.6%

