
===========================================================================
report_checks -path_delay max (Setup)
============================================================================
======================= nom_tt_025C_1v80 Corner ===================================

Startpoint: otrip[0] (input port clocked by __VIRTUAL_CLK__)
Endpoint: otrip_decoded[1] (output port clocked by __VIRTUAL_CLK__)
Path Group: __VIRTUAL_CLK__
Path Type: max

Fanout         Cap        Slew       Delay        Time   Description
---------------------------------------------------------------------------------------------
                      0.000000    0.000000    0.000000   clock __VIRTUAL_CLK__ (rise edge)
                                  0.000000    0.000000   clock network delay (ideal)
                                  2.000000    2.000000 ^ input external delay
    16    0.037538    0.176060    0.120205    2.120204 ^ otrip[0] (in)
                                                         otrip[0] (net)
                      0.176060    0.000000    2.120204 ^ _01_/D_N (sky130_fd_sc_hd__nor4b_2)
     1    0.033442    0.820565    0.693591    2.813795 ^ _01_/Y (sky130_fd_sc_hd__nor4b_2)
                                                         otrip_decoded[1] (net)
                      0.820565    0.000000    2.813795 ^ otrip_decoded[1] (out)
                                              2.813795   data arrival time

                      0.000000   10.000000   10.000000   clock __VIRTUAL_CLK__ (rise edge)
                                  0.000000   10.000000   clock network delay (ideal)
                                 -0.250000    9.750000   clock uncertainty
                                  0.000000    9.750000   clock reconvergence pessimism
                                 -2.000000    7.750000   output external delay
                                              7.750000   data required time
---------------------------------------------------------------------------------------------
                                              7.750000   data required time
                                             -2.813795   data arrival time
---------------------------------------------------------------------------------------------
                                              4.936205   slack (MET)


Startpoint: otrip[3] (input port clocked by __VIRTUAL_CLK__)
Endpoint: otrip_decoded[8] (output port clocked by __VIRTUAL_CLK__)
Path Group: __VIRTUAL_CLK__
Path Type: max

Fanout         Cap        Slew       Delay        Time   Description
---------------------------------------------------------------------------------------------
                      0.000000    0.000000    0.000000   clock __VIRTUAL_CLK__ (rise edge)
                                  0.000000    0.000000   clock network delay (ideal)
                                  2.000000    2.000000 ^ input external delay
    16    0.037382    0.175361    0.119718    2.119718 ^ otrip[3] (in)
                                                         otrip[3] (net)
                      0.175361    0.000000    2.119718 ^ _08_/D_N (sky130_fd_sc_hd__nor4b_2)
     1    0.033442    0.820564    0.693414    2.813132 ^ _08_/Y (sky130_fd_sc_hd__nor4b_2)
                                                         otrip_decoded[8] (net)
                      0.820564    0.000000    2.813132 ^ otrip_decoded[8] (out)
                                              2.813132   data arrival time

                      0.000000   10.000000   10.000000   clock __VIRTUAL_CLK__ (rise edge)
                                  0.000000   10.000000   clock network delay (ideal)
                                 -0.250000    9.750000   clock uncertainty
                                  0.000000    9.750000   clock reconvergence pessimism
                                 -2.000000    7.750000   output external delay
                                              7.750000   data required time
---------------------------------------------------------------------------------------------
                                              7.750000   data required time
                                             -2.813132   data arrival time
---------------------------------------------------------------------------------------------
                                              4.936868   slack (MET)


Startpoint: otrip[1] (input port clocked by __VIRTUAL_CLK__)
Endpoint: otrip_decoded[2] (output port clocked by __VIRTUAL_CLK__)
Path Group: __VIRTUAL_CLK__
Path Type: max

Fanout         Cap        Slew       Delay        Time   Description
---------------------------------------------------------------------------------------------
                      0.000000    0.000000    0.000000   clock __VIRTUAL_CLK__ (rise edge)
                                  0.000000    0.000000   clock network delay (ideal)
                                  2.000000    2.000000 ^ input external delay
    16    0.037375    0.175329    0.119696    2.119696 ^ otrip[1] (in)
                                                         otrip[1] (net)
                      0.175329    0.000000    2.119696 ^ _02_/D_N (sky130_fd_sc_hd__nor4b_2)
     1    0.033442    0.820564    0.693407    2.813103 ^ _02_/Y (sky130_fd_sc_hd__nor4b_2)
                                                         otrip_decoded[2] (net)
                      0.820564    0.000000    2.813103 ^ otrip_decoded[2] (out)
                                              2.813103   data arrival time

                      0.000000   10.000000   10.000000   clock __VIRTUAL_CLK__ (rise edge)
                                  0.000000   10.000000   clock network delay (ideal)
                                 -0.250000    9.750000   clock uncertainty
                                  0.000000    9.750000   clock reconvergence pessimism
                                 -2.000000    7.750000   output external delay
                                              7.750000   data required time
---------------------------------------------------------------------------------------------
                                              7.750000   data required time
                                             -2.813103   data arrival time
---------------------------------------------------------------------------------------------
                                              4.936897   slack (MET)


Startpoint: otrip[2] (input port clocked by __VIRTUAL_CLK__)
Endpoint: otrip_decoded[4] (output port clocked by __VIRTUAL_CLK__)
Path Group: __VIRTUAL_CLK__
Path Type: max

Fanout         Cap        Slew       Delay        Time   Description
---------------------------------------------------------------------------------------------
                      0.000000    0.000000    0.000000   clock __VIRTUAL_CLK__ (rise edge)
                                  0.000000    0.000000   clock network delay (ideal)
                                  2.000000    2.000000 ^ input external delay
    16    0.037341    0.175177    0.119590    2.119590 ^ otrip[2] (in)
                                                         otrip[2] (net)
                      0.175177    0.000000    2.119590 ^ _04_/D_N (sky130_fd_sc_hd__nor4b_2)
     1    0.033442    0.820564    0.693368    2.812958 ^ _04_/Y (sky130_fd_sc_hd__nor4b_2)
                                                         otrip_decoded[4] (net)
                      0.820564    0.000000    2.812958 ^ otrip_decoded[4] (out)
                                              2.812958   data arrival time

                      0.000000   10.000000   10.000000   clock __VIRTUAL_CLK__ (rise edge)
                                  0.000000   10.000000   clock network delay (ideal)
                                 -0.250000    9.750000   clock uncertainty
                                  0.000000    9.750000   clock reconvergence pessimism
                                 -2.000000    7.750000   output external delay
                                              7.750000   data required time
---------------------------------------------------------------------------------------------
                                              7.750000   data required time
                                             -2.812958   data arrival time
---------------------------------------------------------------------------------------------
                                              4.937042   slack (MET)


Startpoint: otrip[3] (input port clocked by __VIRTUAL_CLK__)
Endpoint: otrip_decoded[0] (output port clocked by __VIRTUAL_CLK__)
Path Group: __VIRTUAL_CLK__
Path Type: max

Fanout         Cap        Slew       Delay        Time   Description
---------------------------------------------------------------------------------------------
                      0.000000    0.000000    0.000000   clock __VIRTUAL_CLK__ (rise edge)
                                  0.000000    0.000000   clock network delay (ideal)
                                  2.000000    2.000000 v input external delay
    16    0.034442    0.077119    0.054996    2.054996 v otrip[3] (in)
                                                         otrip[3] (net)
                      0.077119    0.000000    2.054996 v _00_/A (sky130_fd_sc_hd__nor4_2)
     1    0.033442    0.824282    0.741510    2.796506 ^ _00_/Y (sky130_fd_sc_hd__nor4_2)
                                                         otrip_decoded[0] (net)
                      0.824282    0.000000    2.796506 ^ otrip_decoded[0] (out)
                                              2.796506   data arrival time

                      0.000000   10.000000   10.000000   clock __VIRTUAL_CLK__ (rise edge)
                                  0.000000   10.000000   clock network delay (ideal)
                                 -0.250000    9.750000   clock uncertainty
                                  0.000000    9.750000   clock reconvergence pessimism
                                 -2.000000    7.750000   output external delay
                                              7.750000   data required time
---------------------------------------------------------------------------------------------
                                              7.750000   data required time
                                             -2.796506   data arrival time
---------------------------------------------------------------------------------------------
                                              4.953494   slack (MET)


Startpoint: otrip[0] (input port clocked by __VIRTUAL_CLK__)
Endpoint: otrip_decoded[3] (output port clocked by __VIRTUAL_CLK__)
Path Group: __VIRTUAL_CLK__
Path Type: max

Fanout         Cap        Slew       Delay        Time   Description
---------------------------------------------------------------------------------------------
                      0.000000    0.000000    0.000000   clock __VIRTUAL_CLK__ (rise edge)
                                  0.000000    0.000000   clock network delay (ideal)
                                  2.000000    2.000000 ^ input external delay
    16    0.037538    0.176060    0.120205    2.120204 ^ otrip[0] (in)
                                                         otrip[0] (net)
                      0.176060    0.000000    2.120204 ^ _03_/D (sky130_fd_sc_hd__and4bb_2)
     1    0.033442    0.211761    0.384669    2.504874 ^ _03_/X (sky130_fd_sc_hd__and4bb_2)
                                                         otrip_decoded[3] (net)
                      0.211761    0.000000    2.504874 ^ otrip_decoded[3] (out)
                                              2.504874   data arrival time

                      0.000000   10.000000   10.000000   clock __VIRTUAL_CLK__ (rise edge)
                                  0.000000   10.000000   clock network delay (ideal)
                                 -0.250000    9.750000   clock uncertainty
                                  0.000000    9.750000   clock reconvergence pessimism
                                 -2.000000    7.750000   output external delay
                                              7.750000   data required time
---------------------------------------------------------------------------------------------
                                              7.750000   data required time
                                             -2.504874   data arrival time
---------------------------------------------------------------------------------------------
                                              5.245126   slack (MET)


Startpoint: otrip[0] (input port clocked by __VIRTUAL_CLK__)
Endpoint: otrip_decoded[5] (output port clocked by __VIRTUAL_CLK__)
Path Group: __VIRTUAL_CLK__
Path Type: max

Fanout         Cap        Slew       Delay        Time   Description
---------------------------------------------------------------------------------------------
                      0.000000    0.000000    0.000000   clock __VIRTUAL_CLK__ (rise edge)
                                  0.000000    0.000000   clock network delay (ideal)
                                  2.000000    2.000000 ^ input external delay
    16    0.037538    0.176060    0.120205    2.120204 ^ otrip[0] (in)
                                                         otrip[0] (net)
                      0.176060    0.000000    2.120204 ^ _05_/D (sky130_fd_sc_hd__and4bb_2)
     1    0.033442    0.211761    0.384669    2.504874 ^ _05_/X (sky130_fd_sc_hd__and4bb_2)
                                                         otrip_decoded[5] (net)
                      0.211761    0.000000    2.504874 ^ otrip_decoded[5] (out)
                                              2.504874   data arrival time

                      0.000000   10.000000   10.000000   clock __VIRTUAL_CLK__ (rise edge)
                                  0.000000   10.000000   clock network delay (ideal)
                                 -0.250000    9.750000   clock uncertainty
                                  0.000000    9.750000   clock reconvergence pessimism
                                 -2.000000    7.750000   output external delay
                                              7.750000   data required time
---------------------------------------------------------------------------------------------
                                              7.750000   data required time
                                             -2.504874   data arrival time
---------------------------------------------------------------------------------------------
                                              5.245126   slack (MET)


Startpoint: otrip[0] (input port clocked by __VIRTUAL_CLK__)
Endpoint: otrip_decoded[9] (output port clocked by __VIRTUAL_CLK__)
Path Group: __VIRTUAL_CLK__
Path Type: max

Fanout         Cap        Slew       Delay        Time   Description
---------------------------------------------------------------------------------------------
                      0.000000    0.000000    0.000000   clock __VIRTUAL_CLK__ (rise edge)
                                  0.000000    0.000000   clock network delay (ideal)
                                  2.000000    2.000000 ^ input external delay
    16    0.037538    0.176060    0.120205    2.120204 ^ otrip[0] (in)
                                                         otrip[0] (net)
                      0.176060    0.000000    2.120204 ^ _09_/D (sky130_fd_sc_hd__and4bb_2)
     1    0.033442    0.211765    0.384669    2.504874 ^ _09_/X (sky130_fd_sc_hd__and4bb_2)
                                                         otrip_decoded[9] (net)
                      0.211765    0.000000    2.504874 ^ otrip_decoded[9] (out)
                                              2.504874   data arrival time

                      0.000000   10.000000   10.000000   clock __VIRTUAL_CLK__ (rise edge)
                                  0.000000   10.000000   clock network delay (ideal)
                                 -0.250000    9.750000   clock uncertainty
                                  0.000000    9.750000   clock reconvergence pessimism
                                 -2.000000    7.750000   output external delay
                                              7.750000   data required time
---------------------------------------------------------------------------------------------
                                              7.750000   data required time
                                             -2.504874   data arrival time
---------------------------------------------------------------------------------------------
                                              5.245126   slack (MET)


Startpoint: otrip[3] (input port clocked by __VIRTUAL_CLK__)
Endpoint: otrip_decoded[10] (output port clocked by __VIRTUAL_CLK__)
Path Group: __VIRTUAL_CLK__
Path Type: max

Fanout         Cap        Slew       Delay        Time   Description
---------------------------------------------------------------------------------------------
                      0.000000    0.000000    0.000000   clock __VIRTUAL_CLK__ (rise edge)
                                  0.000000    0.000000   clock network delay (ideal)
                                  2.000000    2.000000 ^ input external delay
    16    0.037382    0.175361    0.119718    2.119718 ^ otrip[3] (in)
                                                         otrip[3] (net)
                      0.175361    0.000000    2.119718 ^ _10_/D (sky130_fd_sc_hd__and4bb_2)
     1    0.033442    0.211763    0.384543    2.504261 ^ _10_/X (sky130_fd_sc_hd__and4bb_2)
                                                         otrip_decoded[10] (net)
                      0.211763    0.000000    2.504261 ^ otrip_decoded[10] (out)
                                              2.504261   data arrival time

                      0.000000   10.000000   10.000000   clock __VIRTUAL_CLK__ (rise edge)
                                  0.000000   10.000000   clock network delay (ideal)
                                 -0.250000    9.750000   clock uncertainty
                                  0.000000    9.750000   clock reconvergence pessimism
                                 -2.000000    7.750000   output external delay
                                              7.750000   data required time
---------------------------------------------------------------------------------------------
                                              7.750000   data required time
                                             -2.504261   data arrival time
---------------------------------------------------------------------------------------------
                                              5.245739   slack (MET)


Startpoint: otrip[3] (input port clocked by __VIRTUAL_CLK__)
Endpoint: otrip_decoded[12] (output port clocked by __VIRTUAL_CLK__)
Path Group: __VIRTUAL_CLK__
Path Type: max

Fanout         Cap        Slew       Delay        Time   Description
---------------------------------------------------------------------------------------------
                      0.000000    0.000000    0.000000   clock __VIRTUAL_CLK__ (rise edge)
                                  0.000000    0.000000   clock network delay (ideal)
                                  2.000000    2.000000 ^ input external delay
    16    0.037382    0.175361    0.119718    2.119718 ^ otrip[3] (in)
                                                         otrip[3] (net)
                      0.175361    0.000000    2.119718 ^ _12_/D (sky130_fd_sc_hd__and4bb_2)
     1    0.033442    0.211763    0.384543    2.504261 ^ _12_/X (sky130_fd_sc_hd__and4bb_2)
                                                         otrip_decoded[12] (net)
                      0.211763    0.000000    2.504261 ^ otrip_decoded[12] (out)
                                              2.504261   data arrival time

                      0.000000   10.000000   10.000000   clock __VIRTUAL_CLK__ (rise edge)
                                  0.000000   10.000000   clock network delay (ideal)
                                 -0.250000    9.750000   clock uncertainty
                                  0.000000    9.750000   clock reconvergence pessimism
                                 -2.000000    7.750000   output external delay
                                              7.750000   data required time
---------------------------------------------------------------------------------------------
                                              7.750000   data required time
                                             -2.504261   data arrival time
---------------------------------------------------------------------------------------------
                                              5.245739   slack (MET)


Startpoint: otrip[2] (input port clocked by __VIRTUAL_CLK__)
Endpoint: otrip_decoded[6] (output port clocked by __VIRTUAL_CLK__)
Path Group: __VIRTUAL_CLK__
Path Type: max

Fanout         Cap        Slew       Delay        Time   Description
---------------------------------------------------------------------------------------------
                      0.000000    0.000000    0.000000   clock __VIRTUAL_CLK__ (rise edge)
                                  0.000000    0.000000   clock network delay (ideal)
                                  2.000000    2.000000 ^ input external delay
    16    0.037341    0.175177    0.119590    2.119590 ^ otrip[2] (in)
                                                         otrip[2] (net)
                      0.175177    0.000000    2.119590 ^ _06_/D (sky130_fd_sc_hd__and4bb_2)
     1    0.033442    0.211761    0.384509    2.504099 ^ _06_/X (sky130_fd_sc_hd__and4bb_2)
                                                         otrip_decoded[6] (net)
                      0.211761    0.000000    2.504099 ^ otrip_decoded[6] (out)
                                              2.504099   data arrival time

                      0.000000   10.000000   10.000000   clock __VIRTUAL_CLK__ (rise edge)
                                  0.000000   10.000000   clock network delay (ideal)
                                 -0.250000    9.750000   clock uncertainty
                                  0.000000    9.750000   clock reconvergence pessimism
                                 -2.000000    7.750000   output external delay
                                              7.750000   data required time
---------------------------------------------------------------------------------------------
                                              7.750000   data required time
                                             -2.504099   data arrival time
---------------------------------------------------------------------------------------------
                                              5.245901   slack (MET)


Startpoint: otrip[0] (input port clocked by __VIRTUAL_CLK__)
Endpoint: otrip_decoded[13] (output port clocked by __VIRTUAL_CLK__)
Path Group: __VIRTUAL_CLK__
Path Type: max

Fanout         Cap        Slew       Delay        Time   Description
---------------------------------------------------------------------------------------------
                      0.000000    0.000000    0.000000   clock __VIRTUAL_CLK__ (rise edge)
                                  0.000000    0.000000   clock network delay (ideal)
                                  2.000000    2.000000 ^ input external delay
    16    0.037538    0.176060    0.120205    2.120204 ^ otrip[0] (in)
                                                         otrip[0] (net)
                      0.176060    0.000000    2.120204 ^ _13_/D (sky130_fd_sc_hd__and4b_2)
     1    0.033442    0.196674    0.376098    2.496303 ^ _13_/X (sky130_fd_sc_hd__and4b_2)
                                                         otrip_decoded[13] (net)
                      0.196674    0.000000    2.496303 ^ otrip_decoded[13] (out)
                                              2.496303   data arrival time

                      0.000000   10.000000   10.000000   clock __VIRTUAL_CLK__ (rise edge)
                                  0.000000   10.000000   clock network delay (ideal)
                                 -0.250000    9.750000   clock uncertainty
                                  0.000000    9.750000   clock reconvergence pessimism
                                 -2.000000    7.750000   output external delay
                                              7.750000   data required time
---------------------------------------------------------------------------------------------
                                              7.750000   data required time
                                             -2.496303   data arrival time
---------------------------------------------------------------------------------------------
                                              5.253697   slack (MET)


Startpoint: otrip[3] (input port clocked by __VIRTUAL_CLK__)
Endpoint: otrip_decoded[11] (output port clocked by __VIRTUAL_CLK__)
Path Group: __VIRTUAL_CLK__
Path Type: max

Fanout         Cap        Slew       Delay        Time   Description
---------------------------------------------------------------------------------------------
                      0.000000    0.000000    0.000000   clock __VIRTUAL_CLK__ (rise edge)
                                  0.000000    0.000000   clock network delay (ideal)
                                  2.000000    2.000000 ^ input external delay
    16    0.037382    0.175361    0.119718    2.119718 ^ otrip[3] (in)
                                                         otrip[3] (net)
                      0.175361    0.000000    2.119718 ^ _11_/D (sky130_fd_sc_hd__and4b_2)
     1    0.033442    0.196673    0.375972    2.495690 ^ _11_/X (sky130_fd_sc_hd__and4b_2)
                                                         otrip_decoded[11] (net)
                      0.196673    0.000000    2.495690 ^ otrip_decoded[11] (out)
                                              2.495690   data arrival time

                      0.000000   10.000000   10.000000   clock __VIRTUAL_CLK__ (rise edge)
                                  0.000000   10.000000   clock network delay (ideal)
                                 -0.250000    9.750000   clock uncertainty
                                  0.000000    9.750000   clock reconvergence pessimism
                                 -2.000000    7.750000   output external delay
                                              7.750000   data required time
---------------------------------------------------------------------------------------------
                                              7.750000   data required time
                                             -2.495690   data arrival time
---------------------------------------------------------------------------------------------
                                              5.254310   slack (MET)


Startpoint: otrip[3] (input port clocked by __VIRTUAL_CLK__)
Endpoint: otrip_decoded[14] (output port clocked by __VIRTUAL_CLK__)
Path Group: __VIRTUAL_CLK__
Path Type: max

Fanout         Cap        Slew       Delay        Time   Description
---------------------------------------------------------------------------------------------
                      0.000000    0.000000    0.000000   clock __VIRTUAL_CLK__ (rise edge)
                                  0.000000    0.000000   clock network delay (ideal)
                                  2.000000    2.000000 ^ input external delay
    16    0.037382    0.175361    0.119718    2.119718 ^ otrip[3] (in)
                                                         otrip[3] (net)
                      0.175361    0.000000    2.119718 ^ _14_/D (sky130_fd_sc_hd__and4b_2)
     1    0.033442    0.196674    0.375972    2.495690 ^ _14_/X (sky130_fd_sc_hd__and4b_2)
                                                         otrip_decoded[14] (net)
                      0.196674    0.000000    2.495690 ^ otrip_decoded[14] (out)
                                              2.495690   data arrival time

                      0.000000   10.000000   10.000000   clock __VIRTUAL_CLK__ (rise edge)
                                  0.000000   10.000000   clock network delay (ideal)
                                 -0.250000    9.750000   clock uncertainty
                                  0.000000    9.750000   clock reconvergence pessimism
                                 -2.000000    7.750000   output external delay
                                              7.750000   data required time
---------------------------------------------------------------------------------------------
                                              7.750000   data required time
                                             -2.495690   data arrival time
---------------------------------------------------------------------------------------------
                                              5.254310   slack (MET)


Startpoint: otrip[2] (input port clocked by __VIRTUAL_CLK__)
Endpoint: otrip_decoded[7] (output port clocked by __VIRTUAL_CLK__)
Path Group: __VIRTUAL_CLK__
Path Type: max

Fanout         Cap        Slew       Delay        Time   Description
---------------------------------------------------------------------------------------------
                      0.000000    0.000000    0.000000   clock __VIRTUAL_CLK__ (rise edge)
                                  0.000000    0.000000   clock network delay (ideal)
                                  2.000000    2.000000 ^ input external delay
    16    0.037341    0.175177    0.119590    2.119590 ^ otrip[2] (in)
                                                         otrip[2] (net)
                      0.175177    0.000000    2.119590 ^ _07_/D (sky130_fd_sc_hd__and4b_2)
     1    0.033442    0.196674    0.375939    2.495528 ^ _07_/X (sky130_fd_sc_hd__and4b_2)
                                                         otrip_decoded[7] (net)
                      0.196674    0.000000    2.495528 ^ otrip_decoded[7] (out)
                                              2.495528   data arrival time

                      0.000000   10.000000   10.000000   clock __VIRTUAL_CLK__ (rise edge)
                                  0.000000   10.000000   clock network delay (ideal)
                                 -0.250000    9.750000   clock uncertainty
                                  0.000000    9.750000   clock reconvergence pessimism
                                 -2.000000    7.750000   output external delay
                                              7.750000   data required time
---------------------------------------------------------------------------------------------
                                              7.750000   data required time
                                             -2.495528   data arrival time
---------------------------------------------------------------------------------------------
                                              5.254472   slack (MET)


Startpoint: otrip[2] (input port clocked by __VIRTUAL_CLK__)
Endpoint: otrip_decoded[15] (output port clocked by __VIRTUAL_CLK__)
Path Group: __VIRTUAL_CLK__
Path Type: max

Fanout         Cap        Slew       Delay        Time   Description
---------------------------------------------------------------------------------------------
                      0.000000    0.000000    0.000000   clock __VIRTUAL_CLK__ (rise edge)
                                  0.000000    0.000000   clock network delay (ideal)
                                  2.000000    2.000000 ^ input external delay
    16    0.037341    0.175177    0.119590    2.119590 ^ otrip[2] (in)
                                                         otrip[2] (net)
                      0.175177    0.000000    2.119590 ^ _15_/D (sky130_fd_sc_hd__and4_2)
     1    0.033442    0.194553    0.372985    2.492575 ^ _15_/X (sky130_fd_sc_hd__and4_2)
                                                         otrip_decoded[15] (net)
                      0.194553    0.000000    2.492575 ^ otrip_decoded[15] (out)
                                              2.492575   data arrival time

                      0.000000   10.000000   10.000000   clock __VIRTUAL_CLK__ (rise edge)
                                  0.000000   10.000000   clock network delay (ideal)
                                 -0.250000    9.750000   clock uncertainty
                                  0.000000    9.750000   clock reconvergence pessimism
                                 -2.000000    7.750000   output external delay
                                              7.750000   data required time
---------------------------------------------------------------------------------------------
                                              7.750000   data required time
                                             -2.492575   data arrival time
---------------------------------------------------------------------------------------------
                                              5.257425   slack (MET)



