
===========================================================================
report_checks -path_delay max (Setup)
============================================================================
======================= max_tt_025C_1v80 Corner ===================================

Startpoint: otrip[1] (input port clocked by __VIRTUAL_CLK__)
Endpoint: otrip_decoded[2] (output port clocked by __VIRTUAL_CLK__)
Path Group: __VIRTUAL_CLK__
Path Type: max

Fanout         Cap        Slew       Delay        Time   Description
---------------------------------------------------------------------------------------------
                      0.000000    0.000000    0.000000   clock __VIRTUAL_CLK__ (rise edge)
                                  0.000000    0.000000   clock network delay (ideal)
                                  2.000000    2.000000 ^ input external delay
     1    0.003083    0.020959    0.011352    2.011353 ^ otrip[1] (in)
                                                         otrip[1] (net)
                      0.020960    0.000000    2.011353 ^ input2/A (sky130_fd_sc_hd__clkbuf_1)
     2    0.009760    0.122009    0.127207    2.138559 ^ input2/X (sky130_fd_sc_hd__clkbuf_1)
                                                         net2 (net)
                      0.122013    0.000556    2.139115 ^ fanout25/A (sky130_fd_sc_hd__clkbuf_2)
    10    0.028764    0.160525    0.214728    2.353843 ^ fanout25/X (sky130_fd_sc_hd__clkbuf_2)
                                                         net25 (net)
                      0.160532    0.000924    2.354767 ^ _02_/D_N (sky130_fd_sc_hd__nor4b_1)
     1    0.002123    0.212205    0.221691    2.576458 ^ _02_/Y (sky130_fd_sc_hd__nor4b_1)
                                                         net13 (net)
                      0.212205    0.000150    2.576609 ^ output13/A (sky130_fd_sc_hd__buf_2)
     1    0.034450    0.171775    0.250844    2.827453 ^ output13/X (sky130_fd_sc_hd__buf_2)
                                                         otrip_decoded[2] (net)
                      0.171796    0.001614    2.829066 ^ otrip_decoded[2] (out)
                                              2.829066   data arrival time

                      0.000000   10.000000   10.000000   clock __VIRTUAL_CLK__ (rise edge)
                                  0.000000   10.000000   clock network delay (ideal)
                                 -0.250000    9.750000   clock uncertainty
                                  0.000000    9.750000   clock reconvergence pessimism
                                 -2.000000    7.750000   output external delay
                                              7.750000   data required time
---------------------------------------------------------------------------------------------
                                              7.750000   data required time
                                             -2.829066   data arrival time
---------------------------------------------------------------------------------------------
                                              4.920934   slack (MET)


Startpoint: otrip[3] (input port clocked by __VIRTUAL_CLK__)
Endpoint: otrip_decoded[4] (output port clocked by __VIRTUAL_CLK__)
Path Group: __VIRTUAL_CLK__
Path Type: max

Fanout         Cap        Slew       Delay        Time   Description
---------------------------------------------------------------------------------------------
                      0.000000    0.000000    0.000000   clock __VIRTUAL_CLK__ (rise edge)
                                  0.000000    0.000000   clock network delay (ideal)
                                  2.000000    2.000000 v input external delay
     1    0.002877    0.008798    0.004602    2.004602 v otrip[3] (in)
                                                         otrip[3] (net)
                      0.008801    0.000000    2.004602 v input4/A (sky130_fd_sc_hd__clkbuf_1)
     2    0.006888    0.048139    0.091243    2.095845 v input4/X (sky130_fd_sc_hd__clkbuf_1)
                                                         net4 (net)
                      0.048141    0.000243    2.096089 v fanout21/A (sky130_fd_sc_hd__clkbuf_2)
    10    0.032104    0.124837    0.181631    2.277720 v fanout21/X (sky130_fd_sc_hd__clkbuf_2)
                                                         net21 (net)
                      0.124976    0.003487    2.281206 v _04_/A (sky130_fd_sc_hd__nor4b_1)
     1    0.002181    0.214358    0.293932    2.575139 ^ _04_/Y (sky130_fd_sc_hd__nor4b_1)
                                                         net15 (net)
                      0.214358    0.000151    2.575290 ^ output15/A (sky130_fd_sc_hd__buf_2)
     1    0.034450    0.171777    0.251426    2.826716 ^ output15/X (sky130_fd_sc_hd__buf_2)
                                                         otrip_decoded[4] (net)
                      0.171799    0.001614    2.828330 ^ otrip_decoded[4] (out)
                                              2.828330   data arrival time

                      0.000000   10.000000   10.000000   clock __VIRTUAL_CLK__ (rise edge)
                                  0.000000   10.000000   clock network delay (ideal)
                                 -0.250000    9.750000   clock uncertainty
                                  0.000000    9.750000   clock reconvergence pessimism
                                 -2.000000    7.750000   output external delay
                                              7.750000   data required time
---------------------------------------------------------------------------------------------
                                              7.750000   data required time
                                             -2.828330   data arrival time
---------------------------------------------------------------------------------------------
                                              4.921670   slack (MET)


Startpoint: otrip[3] (input port clocked by __VIRTUAL_CLK__)
Endpoint: otrip_decoded[1] (output port clocked by __VIRTUAL_CLK__)
Path Group: __VIRTUAL_CLK__
Path Type: max

Fanout         Cap        Slew       Delay        Time   Description
---------------------------------------------------------------------------------------------
                      0.000000    0.000000    0.000000   clock __VIRTUAL_CLK__ (rise edge)
                                  0.000000    0.000000   clock network delay (ideal)
                                  2.000000    2.000000 v input external delay
     1    0.002877    0.008798    0.004602    2.004602 v otrip[3] (in)
                                                         otrip[3] (net)
                      0.008801    0.000000    2.004602 v input4/A (sky130_fd_sc_hd__clkbuf_1)
     2    0.006888    0.048139    0.091243    2.095845 v input4/X (sky130_fd_sc_hd__clkbuf_1)
                                                         net4 (net)
                      0.048141    0.000243    2.096089 v fanout21/A (sky130_fd_sc_hd__clkbuf_2)
    10    0.032104    0.124837    0.181631    2.277720 v fanout21/X (sky130_fd_sc_hd__clkbuf_2)
                                                         net21 (net)
                      0.124929    0.002854    2.280573 v _01_/A (sky130_fd_sc_hd__nor4b_1)
     1    0.002066    0.210125    0.290443    2.571016 ^ _01_/Y (sky130_fd_sc_hd__nor4b_1)
                                                         net12 (net)
                      0.210125    0.000147    2.571164 ^ output12/A (sky130_fd_sc_hd__buf_2)
     1    0.034449    0.171766    0.250278    2.821442 ^ output12/X (sky130_fd_sc_hd__buf_2)
                                                         otrip_decoded[1] (net)
                      0.171788    0.001613    2.823055 ^ otrip_decoded[1] (out)
                                              2.823055   data arrival time

                      0.000000   10.000000   10.000000   clock __VIRTUAL_CLK__ (rise edge)
                                  0.000000   10.000000   clock network delay (ideal)
                                 -0.250000    9.750000   clock uncertainty
                                  0.000000    9.750000   clock reconvergence pessimism
                                 -2.000000    7.750000   output external delay
                                              7.750000   data required time
---------------------------------------------------------------------------------------------
                                              7.750000   data required time
                                             -2.823055   data arrival time
---------------------------------------------------------------------------------------------
                                              4.926945   slack (MET)


Startpoint: otrip[3] (input port clocked by __VIRTUAL_CLK__)
Endpoint: otrip_decoded[8] (output port clocked by __VIRTUAL_CLK__)
Path Group: __VIRTUAL_CLK__
Path Type: max

Fanout         Cap        Slew       Delay        Time   Description
---------------------------------------------------------------------------------------------
                      0.000000    0.000000    0.000000   clock __VIRTUAL_CLK__ (rise edge)
                                  0.000000    0.000000   clock network delay (ideal)
                                  2.000000    2.000000 ^ input external delay
     1    0.003053    0.020828    0.011247    2.011246 ^ otrip[3] (in)
                                                         otrip[3] (net)
                      0.020829    0.000000    2.011246 ^ input4/A (sky130_fd_sc_hd__clkbuf_1)
     2    0.007294    0.094134    0.107890    2.119137 ^ input4/X (sky130_fd_sc_hd__clkbuf_1)
                                                         net4 (net)
                      0.094135    0.000290    2.119426 ^ fanout22/A (sky130_fd_sc_hd__buf_1)
     6    0.017210    0.207550    0.208461    2.327888 ^ fanout22/X (sky130_fd_sc_hd__buf_1)
                                                         net22 (net)
                      0.207565    0.001493    2.329381 ^ _08_/D_N (sky130_fd_sc_hd__nor4b_1)
     1    0.002108    0.211645    0.229188    2.558569 ^ _08_/Y (sky130_fd_sc_hd__nor4b_1)
                                                         net19 (net)
                      0.211645    0.000154    2.558723 ^ output19/A (sky130_fd_sc_hd__buf_2)
     1    0.034752    0.173177    0.251669    2.810392 ^ output19/X (sky130_fd_sc_hd__buf_2)
                                                         otrip_decoded[8] (net)
                      0.173200    0.001648    2.812040 ^ otrip_decoded[8] (out)
                                              2.812040   data arrival time

                      0.000000   10.000000   10.000000   clock __VIRTUAL_CLK__ (rise edge)
                                  0.000000   10.000000   clock network delay (ideal)
                                 -0.250000    9.750000   clock uncertainty
                                  0.000000    9.750000   clock reconvergence pessimism
                                 -2.000000    7.750000   output external delay
                                              7.750000   data required time
---------------------------------------------------------------------------------------------
                                              7.750000   data required time
                                             -2.812040   data arrival time
---------------------------------------------------------------------------------------------
                                              4.937960   slack (MET)


Startpoint: otrip[3] (input port clocked by __VIRTUAL_CLK__)
Endpoint: otrip_decoded[0] (output port clocked by __VIRTUAL_CLK__)
Path Group: __VIRTUAL_CLK__
Path Type: max

Fanout         Cap        Slew       Delay        Time   Description
---------------------------------------------------------------------------------------------
                      0.000000    0.000000    0.000000   clock __VIRTUAL_CLK__ (rise edge)
                                  0.000000    0.000000   clock network delay (ideal)
                                  2.000000    2.000000 v input external delay
     1    0.002877    0.008798    0.004602    2.004602 v otrip[3] (in)
                                                         otrip[3] (net)
                      0.008801    0.000000    2.004602 v input4/A (sky130_fd_sc_hd__clkbuf_1)
     2    0.006888    0.048139    0.091243    2.095845 v input4/X (sky130_fd_sc_hd__clkbuf_1)
                                                         net4 (net)
                      0.048141    0.000243    2.096089 v fanout21/A (sky130_fd_sc_hd__clkbuf_2)
    10    0.032104    0.124837    0.181631    2.277720 v fanout21/X (sky130_fd_sc_hd__clkbuf_2)
                                                         net21 (net)
                      0.124874    0.001812    2.279532 v _00_/A (sky130_fd_sc_hd__nor4_1)
     1    0.001994    0.188592    0.266196    2.545728 ^ _00_/Y (sky130_fd_sc_hd__nor4_1)
                                                         net5 (net)
                      0.188592    0.000092    2.545820 ^ output5/A (sky130_fd_sc_hd__buf_2)
     1    0.034953    0.174084    0.246100    2.791921 ^ output5/X (sky130_fd_sc_hd__buf_2)
                                                         otrip_decoded[0] (net)
                      0.174106    0.001652    2.793573 ^ otrip_decoded[0] (out)
                                              2.793573   data arrival time

                      0.000000   10.000000   10.000000   clock __VIRTUAL_CLK__ (rise edge)
                                  0.000000   10.000000   clock network delay (ideal)
                                 -0.250000    9.750000   clock uncertainty
                                  0.000000    9.750000   clock reconvergence pessimism
                                 -2.000000    7.750000   output external delay
                                              7.750000   data required time
---------------------------------------------------------------------------------------------
                                              7.750000   data required time
                                             -2.793573   data arrival time
---------------------------------------------------------------------------------------------
                                              4.956427   slack (MET)


Startpoint: otrip[1] (input port clocked by __VIRTUAL_CLK__)
Endpoint: otrip_decoded[12] (output port clocked by __VIRTUAL_CLK__)
Path Group: __VIRTUAL_CLK__
Path Type: max

Fanout         Cap        Slew       Delay        Time   Description
---------------------------------------------------------------------------------------------
                      0.000000    0.000000    0.000000   clock __VIRTUAL_CLK__ (rise edge)
                                  0.000000    0.000000   clock network delay (ideal)
                                  2.000000    2.000000 v input external delay
     1    0.002907    0.008868    0.004654    2.004654 v otrip[1] (in)
                                                         otrip[1] (net)
                      0.008871    0.000000    2.004654 v input2/A (sky130_fd_sc_hd__clkbuf_1)
     2    0.009354    0.061002    0.101946    2.106599 v input2/X (sky130_fd_sc_hd__clkbuf_1)
                                                         net2 (net)
                      0.061009    0.000528    2.107128 v fanout25/A (sky130_fd_sc_hd__clkbuf_2)
    10    0.027197    0.107567    0.175530    2.282657 v fanout25/X (sky130_fd_sc_hd__clkbuf_2)
                                                         net25 (net)
                      0.107585    0.001174    2.283831 v _12_/B_N (sky130_fd_sc_hd__and4bb_1)
     1    0.003003    0.058912    0.284456    2.568287 ^ _12_/X (sky130_fd_sc_hd__and4bb_1)
                                                         net8 (net)
                      0.058913    0.000195    2.568482 ^ output8/A (sky130_fd_sc_hd__buf_2)
     1    0.034217    0.170130    0.202305    2.770787 ^ output8/X (sky130_fd_sc_hd__buf_2)
                                                         otrip_decoded[12] (net)
                      0.170155    0.001705    2.772492 ^ otrip_decoded[12] (out)
                                              2.772492   data arrival time

                      0.000000   10.000000   10.000000   clock __VIRTUAL_CLK__ (rise edge)
                                  0.000000   10.000000   clock network delay (ideal)
                                 -0.250000    9.750000   clock uncertainty
                                  0.000000    9.750000   clock reconvergence pessimism
                                 -2.000000    7.750000   output external delay
                                              7.750000   data required time
---------------------------------------------------------------------------------------------
                                              7.750000   data required time
                                             -2.772492   data arrival time
---------------------------------------------------------------------------------------------
                                              4.977508   slack (MET)


Startpoint: otrip[2] (input port clocked by __VIRTUAL_CLK__)
Endpoint: otrip_decoded[10] (output port clocked by __VIRTUAL_CLK__)
Path Group: __VIRTUAL_CLK__
Path Type: max

Fanout         Cap        Slew       Delay        Time   Description
---------------------------------------------------------------------------------------------
                      0.000000    0.000000    0.000000   clock __VIRTUAL_CLK__ (rise edge)
                                  0.000000    0.000000   clock network delay (ideal)
                                  2.000000    2.000000 v input external delay
     1    0.003117    0.009356    0.005012    2.005012 v otrip[2] (in)
                                                         otrip[2] (net)
                      0.009359    0.000000    2.005012 v input3/A (sky130_fd_sc_hd__clkbuf_1)
     2    0.007196    0.049769    0.092796    2.097808 v input3/X (sky130_fd_sc_hd__clkbuf_1)
                                                         net3 (net)
                      0.049774    0.000415    2.098223 v fanout23/A (sky130_fd_sc_hd__clkbuf_2)
    10    0.030285    0.118864    0.178093    2.276316 v fanout23/X (sky130_fd_sc_hd__clkbuf_2)
                                                         net23 (net)
                      0.118977    0.003051    2.279367 v _10_/B_N (sky130_fd_sc_hd__and4bb_1)
     1    0.002812    0.057155    0.287701    2.567068 ^ _10_/X (sky130_fd_sc_hd__and4bb_1)
                                                         net6 (net)
                      0.057156    0.000175    2.567243 ^ output6/A (sky130_fd_sc_hd__buf_2)
     1    0.034144    0.169769    0.201460    2.768703 ^ output6/X (sky130_fd_sc_hd__buf_2)
                                                         otrip_decoded[10] (net)
                      0.169792    0.001642    2.770346 ^ otrip_decoded[10] (out)
                                              2.770346   data arrival time

                      0.000000   10.000000   10.000000   clock __VIRTUAL_CLK__ (rise edge)
                                  0.000000   10.000000   clock network delay (ideal)
                                 -0.250000    9.750000   clock uncertainty
                                  0.000000    9.750000   clock reconvergence pessimism
                                 -2.000000    7.750000   output external delay
                                              7.750000   data required time
---------------------------------------------------------------------------------------------
                                              7.750000   data required time
                                             -2.770346   data arrival time
---------------------------------------------------------------------------------------------
                                              4.979654   slack (MET)


Startpoint: otrip[2] (input port clocked by __VIRTUAL_CLK__)
Endpoint: otrip_decoded[3] (output port clocked by __VIRTUAL_CLK__)
Path Group: __VIRTUAL_CLK__
Path Type: max

Fanout         Cap        Slew       Delay        Time   Description
---------------------------------------------------------------------------------------------
                      0.000000    0.000000    0.000000   clock __VIRTUAL_CLK__ (rise edge)
                                  0.000000    0.000000   clock network delay (ideal)
                                  2.000000    2.000000 v input external delay
     1    0.003117    0.009356    0.005012    2.005012 v otrip[2] (in)
                                                         otrip[2] (net)
                      0.009359    0.000000    2.005012 v input3/A (sky130_fd_sc_hd__clkbuf_1)
     2    0.007196    0.049769    0.092796    2.097808 v input3/X (sky130_fd_sc_hd__clkbuf_1)
                                                         net3 (net)
                      0.049774    0.000415    2.098223 v fanout23/A (sky130_fd_sc_hd__clkbuf_2)
    10    0.030285    0.118864    0.178093    2.276316 v fanout23/X (sky130_fd_sc_hd__clkbuf_2)
                                                         net23 (net)
                      0.118960    0.002821    2.279137 v _03_/B_N (sky130_fd_sc_hd__and4bb_1)
     1    0.002784    0.056897    0.287405    2.566543 ^ _03_/X (sky130_fd_sc_hd__and4bb_1)
                                                         net14 (net)
                      0.056898    0.000172    2.566715 ^ output14/A (sky130_fd_sc_hd__buf_2)
     1    0.034175    0.169917    0.201464    2.768179 ^ output14/X (sky130_fd_sc_hd__buf_2)
                                                         otrip_decoded[3] (net)
                      0.169940    0.001652    2.769831 ^ otrip_decoded[3] (out)
                                              2.769831   data arrival time

                      0.000000   10.000000   10.000000   clock __VIRTUAL_CLK__ (rise edge)
                                  0.000000   10.000000   clock network delay (ideal)
                                 -0.250000    9.750000   clock uncertainty
                                  0.000000    9.750000   clock reconvergence pessimism
                                 -2.000000    7.750000   output external delay
                                              7.750000   data required time
---------------------------------------------------------------------------------------------
                                              7.750000   data required time
                                             -2.769831   data arrival time
---------------------------------------------------------------------------------------------
                                              4.980169   slack (MET)


Startpoint: otrip[0] (input port clocked by __VIRTUAL_CLK__)
Endpoint: otrip_decoded[6] (output port clocked by __VIRTUAL_CLK__)
Path Group: __VIRTUAL_CLK__
Path Type: max

Fanout         Cap        Slew       Delay        Time   Description
---------------------------------------------------------------------------------------------
                      0.000000    0.000000    0.000000   clock __VIRTUAL_CLK__ (rise edge)
                                  0.000000    0.000000   clock network delay (ideal)
                                  2.000000    2.000000 v input external delay
     1    0.003159    0.009452    0.005083    2.005083 v otrip[0] (in)
                                                         otrip[0] (net)
                      0.009455    0.000000    2.005083 v input1/A (sky130_fd_sc_hd__clkbuf_1)
     2    0.006402    0.045499    0.089211    2.094295 v input1/X (sky130_fd_sc_hd__clkbuf_1)
                                                         net1 (net)
                      0.045504    0.000385    2.094680 v fanout27/A (sky130_fd_sc_hd__clkbuf_2)
    10    0.032131    0.125201    0.182034    2.276713 v fanout27/X (sky130_fd_sc_hd__clkbuf_2)
                                                         net27 (net)
                      0.125233    0.001681    2.278394 v _06_/B_N (sky130_fd_sc_hd__and4bb_1)
     1    0.002420    0.053543    0.286473    2.564867 ^ _06_/X (sky130_fd_sc_hd__and4bb_1)
                                                         net17 (net)
                      0.053544    0.000165    2.565031 ^ output17/A (sky130_fd_sc_hd__buf_2)
     1    0.034489    0.171376    0.201186    2.766217 ^ output17/X (sky130_fd_sc_hd__buf_2)
                                                         otrip_decoded[6] (net)
                      0.171402    0.001775    2.767993 ^ otrip_decoded[6] (out)
                                              2.767993   data arrival time

                      0.000000   10.000000   10.000000   clock __VIRTUAL_CLK__ (rise edge)
                                  0.000000   10.000000   clock network delay (ideal)
                                 -0.250000    9.750000   clock uncertainty
                                  0.000000    9.750000   clock reconvergence pessimism
                                 -2.000000    7.750000   output external delay
                                              7.750000   data required time
---------------------------------------------------------------------------------------------
                                              7.750000   data required time
                                             -2.767993   data arrival time
---------------------------------------------------------------------------------------------
                                              4.982007   slack (MET)


Startpoint: otrip[2] (input port clocked by __VIRTUAL_CLK__)
Endpoint: otrip_decoded[9] (output port clocked by __VIRTUAL_CLK__)
Path Group: __VIRTUAL_CLK__
Path Type: max

Fanout         Cap        Slew       Delay        Time   Description
---------------------------------------------------------------------------------------------
                      0.000000    0.000000    0.000000   clock __VIRTUAL_CLK__ (rise edge)
                                  0.000000    0.000000   clock network delay (ideal)
                                  2.000000    2.000000 v input external delay
     1    0.003117    0.009356    0.005012    2.005012 v otrip[2] (in)
                                                         otrip[2] (net)
                      0.009359    0.000000    2.005012 v input3/A (sky130_fd_sc_hd__clkbuf_1)
     2    0.007196    0.049769    0.092796    2.097808 v input3/X (sky130_fd_sc_hd__clkbuf_1)
                                                         net3 (net)
                      0.049774    0.000415    2.098223 v fanout23/A (sky130_fd_sc_hd__clkbuf_2)
    10    0.030285    0.118864    0.178093    2.276316 v fanout23/X (sky130_fd_sc_hd__clkbuf_2)
                                                         net23 (net)
                      0.118879    0.001122    2.277439 v _09_/B_N (sky130_fd_sc_hd__and4bb_1)
     1    0.002604    0.055605    0.285536    2.562975 ^ _09_/X (sky130_fd_sc_hd__and4bb_1)
                                                         net20 (net)
                      0.055606    0.000184    2.563159 ^ output20/A (sky130_fd_sc_hd__buf_2)
     1    0.034288    0.170428    0.201405    2.764564 ^ output20/X (sky130_fd_sc_hd__buf_2)
                                                         otrip_decoded[9] (net)
                      0.170449    0.001598    2.766162 ^ otrip_decoded[9] (out)
                                              2.766162   data arrival time

                      0.000000   10.000000   10.000000   clock __VIRTUAL_CLK__ (rise edge)
                                  0.000000   10.000000   clock network delay (ideal)
                                 -0.250000    9.750000   clock uncertainty
                                  0.000000    9.750000   clock reconvergence pessimism
                                 -2.000000    7.750000   output external delay
                                              7.750000   data required time
---------------------------------------------------------------------------------------------
                                              7.750000   data required time
                                             -2.766162   data arrival time
---------------------------------------------------------------------------------------------
                                              4.983839   slack (MET)


Startpoint: otrip[1] (input port clocked by __VIRTUAL_CLK__)
Endpoint: otrip_decoded[5] (output port clocked by __VIRTUAL_CLK__)
Path Group: __VIRTUAL_CLK__
Path Type: max

Fanout         Cap        Slew       Delay        Time   Description
---------------------------------------------------------------------------------------------
                      0.000000    0.000000    0.000000   clock __VIRTUAL_CLK__ (rise edge)
                                  0.000000    0.000000   clock network delay (ideal)
                                  2.000000    2.000000 v input external delay
     1    0.002907    0.008868    0.004654    2.004654 v otrip[1] (in)
                                                         otrip[1] (net)
                      0.008871    0.000000    2.004654 v input2/A (sky130_fd_sc_hd__clkbuf_1)
     2    0.009354    0.061002    0.101946    2.106599 v input2/X (sky130_fd_sc_hd__clkbuf_1)
                                                         net2 (net)
                      0.061009    0.000528    2.107128 v fanout25/A (sky130_fd_sc_hd__clkbuf_2)
    10    0.027197    0.107567    0.175530    2.282657 v fanout25/X (sky130_fd_sc_hd__clkbuf_2)
                                                         net25 (net)
                      0.107595    0.001449    2.284106 v _05_/B_N (sky130_fd_sc_hd__and4bb_1)
     1    0.002057    0.050632    0.274904    2.559010 ^ _05_/X (sky130_fd_sc_hd__and4bb_1)
                                                         net16 (net)
                      0.050632    0.000146    2.559156 ^ output16/A (sky130_fd_sc_hd__buf_2)
     1    0.034050    0.169321    0.198686    2.757842 ^ output16/X (sky130_fd_sc_hd__buf_2)
                                                         otrip_decoded[5] (net)
                      0.169345    0.001675    2.759517 ^ otrip_decoded[5] (out)
                                              2.759517   data arrival time

                      0.000000   10.000000   10.000000   clock __VIRTUAL_CLK__ (rise edge)
                                  0.000000   10.000000   clock network delay (ideal)
                                 -0.250000    9.750000   clock uncertainty
                                  0.000000    9.750000   clock reconvergence pessimism
                                 -2.000000    7.750000   output external delay
                                              7.750000   data required time
---------------------------------------------------------------------------------------------
                                              7.750000   data required time
                                             -2.759517   data arrival time
---------------------------------------------------------------------------------------------
                                              4.990483   slack (MET)


Startpoint: otrip[3] (input port clocked by __VIRTUAL_CLK__)
Endpoint: otrip_decoded[7] (output port clocked by __VIRTUAL_CLK__)
Path Group: __VIRTUAL_CLK__
Path Type: max

Fanout         Cap        Slew       Delay        Time   Description
---------------------------------------------------------------------------------------------
                      0.000000    0.000000    0.000000   clock __VIRTUAL_CLK__ (rise edge)
                                  0.000000    0.000000   clock network delay (ideal)
                                  2.000000    2.000000 v input external delay
     1    0.002877    0.008798    0.004602    2.004602 v otrip[3] (in)
                                                         otrip[3] (net)
                      0.008801    0.000000    2.004602 v input4/A (sky130_fd_sc_hd__clkbuf_1)
     2    0.006888    0.048139    0.091243    2.095845 v input4/X (sky130_fd_sc_hd__clkbuf_1)
                                                         net4 (net)
                      0.048141    0.000243    2.096089 v fanout21/A (sky130_fd_sc_hd__clkbuf_2)
    10    0.032104    0.124837    0.181631    2.277720 v fanout21/X (sky130_fd_sc_hd__clkbuf_2)
                                                         net21 (net)
                      0.124902    0.002397    2.280117 v _07_/A_N (sky130_fd_sc_hd__and4b_1)
     1    0.002918    0.057736    0.269221    2.549338 ^ _07_/X (sky130_fd_sc_hd__and4b_1)
                                                         net18 (net)
                      0.057737    0.000189    2.549527 ^ output18/A (sky130_fd_sc_hd__buf_2)
     1    0.033962    0.168920    0.201103    2.750630 ^ output18/X (sky130_fd_sc_hd__buf_2)
                                                         otrip_decoded[7] (net)
                      0.168941    0.001592    2.752222 ^ otrip_decoded[7] (out)
                                              2.752222   data arrival time

                      0.000000   10.000000   10.000000   clock __VIRTUAL_CLK__ (rise edge)
                                  0.000000   10.000000   clock network delay (ideal)
                                 -0.250000    9.750000   clock uncertainty
                                  0.000000    9.750000   clock reconvergence pessimism
                                 -2.000000    7.750000   output external delay
                                              7.750000   data required time
---------------------------------------------------------------------------------------------
                                              7.750000   data required time
                                             -2.752222   data arrival time
---------------------------------------------------------------------------------------------
                                              4.997778   slack (MET)


Startpoint: otrip[3] (input port clocked by __VIRTUAL_CLK__)
Endpoint: otrip_decoded[14] (output port clocked by __VIRTUAL_CLK__)
Path Group: __VIRTUAL_CLK__
Path Type: max

Fanout         Cap        Slew       Delay        Time   Description
---------------------------------------------------------------------------------------------
                      0.000000    0.000000    0.000000   clock __VIRTUAL_CLK__ (rise edge)
                                  0.000000    0.000000   clock network delay (ideal)
                                  2.000000    2.000000 ^ input external delay
     1    0.003053    0.020828    0.011247    2.011246 ^ otrip[3] (in)
                                                         otrip[3] (net)
                      0.020829    0.000000    2.011246 ^ input4/A (sky130_fd_sc_hd__clkbuf_1)
     2    0.007294    0.094134    0.107890    2.119137 ^ input4/X (sky130_fd_sc_hd__clkbuf_1)
                                                         net4 (net)
                      0.094135    0.000290    2.119426 ^ fanout22/A (sky130_fd_sc_hd__buf_1)
     6    0.017210    0.207550    0.208461    2.327888 ^ fanout22/X (sky130_fd_sc_hd__buf_1)
                                                         net22 (net)
                      0.207565    0.001494    2.329381 ^ _14_/D (sky130_fd_sc_hd__and4b_1)
     1    0.002758    0.056200    0.216751    2.546133 ^ _14_/X (sky130_fd_sc_hd__and4b_1)
                                                         net10 (net)
                      0.056201    0.000179    2.546312 ^ output10/A (sky130_fd_sc_hd__buf_2)
     1    0.034129    0.169696    0.201058    2.747370 ^ output10/X (sky130_fd_sc_hd__buf_2)
                                                         otrip_decoded[14] (net)
                      0.169719    0.001643    2.749013 ^ otrip_decoded[14] (out)
                                              2.749013   data arrival time

                      0.000000   10.000000   10.000000   clock __VIRTUAL_CLK__ (rise edge)
                                  0.000000   10.000000   clock network delay (ideal)
                                 -0.250000    9.750000   clock uncertainty
                                  0.000000    9.750000   clock reconvergence pessimism
                                 -2.000000    7.750000   output external delay
                                              7.750000   data required time
---------------------------------------------------------------------------------------------
                                              7.750000   data required time
                                             -2.749013   data arrival time
---------------------------------------------------------------------------------------------
                                              5.000988   slack (MET)


Startpoint: otrip[0] (input port clocked by __VIRTUAL_CLK__)
Endpoint: otrip_decoded[13] (output port clocked by __VIRTUAL_CLK__)
Path Group: __VIRTUAL_CLK__
Path Type: max

Fanout         Cap        Slew       Delay        Time   Description
---------------------------------------------------------------------------------------------
                      0.000000    0.000000    0.000000   clock __VIRTUAL_CLK__ (rise edge)
                                  0.000000    0.000000   clock network delay (ideal)
                                  2.000000    2.000000 ^ input external delay
     1    0.003335    0.022057    0.012239    2.012239 ^ otrip[0] (in)
                                                         otrip[0] (net)
                      0.022059    0.000000    2.012239 ^ input1/A (sky130_fd_sc_hd__clkbuf_1)
     2    0.006808    0.088716    0.104397    2.116636 ^ input1/X (sky130_fd_sc_hd__clkbuf_1)
                                                         net1 (net)
                      0.088718    0.000380    2.117016 ^ fanout28/A (sky130_fd_sc_hd__buf_1)
     6    0.017655    0.212542    0.210844    2.327860 ^ fanout28/X (sky130_fd_sc_hd__buf_1)
                                                         net28 (net)
                      0.212549    0.000981    2.328841 ^ _13_/D (sky130_fd_sc_hd__and4b_1)
     1    0.002287    0.052122    0.212786    2.541626 ^ _13_/X (sky130_fd_sc_hd__and4b_1)
                                                         net9 (net)
                      0.052122    0.000157    2.541783 ^ output9/A (sky130_fd_sc_hd__buf_2)
     1    0.034834    0.172970    0.201863    2.743646 ^ output9/X (sky130_fd_sc_hd__buf_2)
                                                         otrip_decoded[13] (net)
                      0.172993    0.001677    2.745323 ^ otrip_decoded[13] (out)
                                              2.745323   data arrival time

                      0.000000   10.000000   10.000000   clock __VIRTUAL_CLK__ (rise edge)
                                  0.000000   10.000000   clock network delay (ideal)
                                 -0.250000    9.750000   clock uncertainty
                                  0.000000    9.750000   clock reconvergence pessimism
                                 -2.000000    7.750000   output external delay
                                              7.750000   data required time
---------------------------------------------------------------------------------------------
                                              7.750000   data required time
                                             -2.745323   data arrival time
---------------------------------------------------------------------------------------------
                                              5.004677   slack (MET)


Startpoint: otrip[1] (input port clocked by __VIRTUAL_CLK__)
Endpoint: otrip_decoded[15] (output port clocked by __VIRTUAL_CLK__)
Path Group: __VIRTUAL_CLK__
Path Type: max

Fanout         Cap        Slew       Delay        Time   Description
---------------------------------------------------------------------------------------------
                      0.000000    0.000000    0.000000   clock __VIRTUAL_CLK__ (rise edge)
                                  0.000000    0.000000   clock network delay (ideal)
                                  2.000000    2.000000 ^ input external delay
     1    0.003083    0.020959    0.011352    2.011353 ^ otrip[1] (in)
                                                         otrip[1] (net)
                      0.020960    0.000000    2.011353 ^ input2/A (sky130_fd_sc_hd__clkbuf_1)
     2    0.009760    0.122009    0.127207    2.138559 ^ input2/X (sky130_fd_sc_hd__clkbuf_1)
                                                         net2 (net)
                      0.122014    0.000608    2.139168 ^ fanout26/A (sky130_fd_sc_hd__buf_1)
     6    0.014764    0.179515    0.196869    2.336037 ^ fanout26/X (sky130_fd_sc_hd__buf_1)
                                                         net26 (net)
                      0.179516    0.000402    2.336439 ^ _15_/C (sky130_fd_sc_hd__and4_1)
     1    0.002464    0.052861    0.203365    2.539804 ^ _15_/X (sky130_fd_sc_hd__and4_1)
                                                         net11 (net)
                      0.052862    0.000174    2.539978 ^ output11/A (sky130_fd_sc_hd__buf_2)
     1    0.034913    0.173341    0.202394    2.742371 ^ output11/X (sky130_fd_sc_hd__buf_2)
                                                         otrip_decoded[15] (net)
                      0.173365    0.001702    2.744073 ^ otrip_decoded[15] (out)
                                              2.744073   data arrival time

                      0.000000   10.000000   10.000000   clock __VIRTUAL_CLK__ (rise edge)
                                  0.000000   10.000000   clock network delay (ideal)
                                 -0.250000    9.750000   clock uncertainty
                                  0.000000    9.750000   clock reconvergence pessimism
                                 -2.000000    7.750000   output external delay
                                              7.750000   data required time
---------------------------------------------------------------------------------------------
                                              7.750000   data required time
                                             -2.744073   data arrival time
---------------------------------------------------------------------------------------------
                                              5.005927   slack (MET)


Startpoint: otrip[3] (input port clocked by __VIRTUAL_CLK__)
Endpoint: otrip_decoded[11] (output port clocked by __VIRTUAL_CLK__)
Path Group: __VIRTUAL_CLK__
Path Type: max

Fanout         Cap        Slew       Delay        Time   Description
---------------------------------------------------------------------------------------------
                      0.000000    0.000000    0.000000   clock __VIRTUAL_CLK__ (rise edge)
                                  0.000000    0.000000   clock network delay (ideal)
                                  2.000000    2.000000 ^ input external delay
     1    0.003053    0.020828    0.011247    2.011246 ^ otrip[3] (in)
                                                         otrip[3] (net)
                      0.020829    0.000000    2.011246 ^ input4/A (sky130_fd_sc_hd__clkbuf_1)
     2    0.007294    0.094134    0.107890    2.119137 ^ input4/X (sky130_fd_sc_hd__clkbuf_1)
                                                         net4 (net)
                      0.094135    0.000290    2.119426 ^ fanout22/A (sky130_fd_sc_hd__buf_1)
     6    0.017210    0.207550    0.208461    2.327888 ^ fanout22/X (sky130_fd_sc_hd__buf_1)
                                                         net22 (net)
                      0.207564    0.001451    2.329339 ^ _11_/D (sky130_fd_sc_hd__and4b_1)
     1    0.001985    0.049672    0.208874    2.538213 ^ _11_/X (sky130_fd_sc_hd__and4b_1)
                                                         net7 (net)
                      0.049672    0.000091    2.538305 ^ output7/A (sky130_fd_sc_hd__buf_2)
     1    0.035032    0.173900    0.201574    2.739878 ^ output7/X (sky130_fd_sc_hd__buf_2)
                                                         otrip_decoded[11] (net)
                      0.173924    0.001696    2.741574 ^ otrip_decoded[11] (out)
                                              2.741574   data arrival time

                      0.000000   10.000000   10.000000   clock __VIRTUAL_CLK__ (rise edge)
                                  0.000000   10.000000   clock network delay (ideal)
                                 -0.250000    9.750000   clock uncertainty
                                  0.000000    9.750000   clock reconvergence pessimism
                                 -2.000000    7.750000   output external delay
                                              7.750000   data required time
---------------------------------------------------------------------------------------------
                                              7.750000   data required time
                                             -2.741574   data arrival time
---------------------------------------------------------------------------------------------
                                              5.008426   slack (MET)



