
===========================================================================
report_checks -path_delay min (Hold)
============================================================================
======================= max_tt_025C_1v80 Corner ===================================

Startpoint: otrip[2] (input port clocked by __VIRTUAL_CLK__)
Endpoint: otrip_decoded[8] (output port clocked by __VIRTUAL_CLK__)
Path Group: __VIRTUAL_CLK__
Path Type: min

Fanout         Cap        Slew       Delay        Time   Description
---------------------------------------------------------------------------------------------
                      0.000000    0.000000    0.000000   clock __VIRTUAL_CLK__ (rise edge)
                                  0.000000    0.000000   clock network delay (ideal)
                                  2.000000    2.000000 ^ input external delay
     1    0.003293    0.021872    0.012091    2.012091 ^ otrip[2] (in)
                                                         otrip[2] (net)
                      0.021873    0.000000    2.012091 ^ input3/A (sky130_fd_sc_hd__clkbuf_1)
     2    0.007602    0.097582    0.110627    2.122718 ^ input3/X (sky130_fd_sc_hd__clkbuf_1)
                                                         net3 (net)
                      0.097585    0.000465    2.123183 ^ fanout24/A (sky130_fd_sc_hd__buf_1)
     6    0.014667    0.178372    0.189483    2.312666 ^ fanout24/X (sky130_fd_sc_hd__buf_1)
                                                         net24 (net)
                      0.178379    0.000979    2.313645 ^ _08_/C (sky130_fd_sc_hd__nor4b_1)
     1    0.001948    0.034874    0.069236    2.382881 v _08_/Y (sky130_fd_sc_hd__nor4b_1)
                                                         net19 (net)
                      0.034875    0.000141    2.383022 v output19/A (sky130_fd_sc_hd__buf_2)
     1    0.034752    0.091052    0.175862    2.558884 v output19/X (sky130_fd_sc_hd__buf_2)
                                                         otrip_decoded[8] (net)
                      0.091094    0.001646    2.560530 v otrip_decoded[8] (out)
                                              2.560530   data arrival time

                      0.000000    0.000000    0.000000   clock __VIRTUAL_CLK__ (rise edge)
                                  0.000000    0.000000   clock network delay (ideal)
                                  0.250000    0.250000   clock uncertainty
                                  0.000000    0.250000   clock reconvergence pessimism
                                 -2.000000   -1.750000   output external delay
                                             -1.750000   data required time
---------------------------------------------------------------------------------------------
                                             -1.750000   data required time
                                             -2.560530   data arrival time
---------------------------------------------------------------------------------------------
                                              4.310530   slack (MET)


Startpoint: otrip[2] (input port clocked by __VIRTUAL_CLK__)
Endpoint: otrip_decoded[0] (output port clocked by __VIRTUAL_CLK__)
Path Group: __VIRTUAL_CLK__
Path Type: min

Fanout         Cap        Slew       Delay        Time   Description
---------------------------------------------------------------------------------------------
                      0.000000    0.000000    0.000000   clock __VIRTUAL_CLK__ (rise edge)
                                  0.000000    0.000000   clock network delay (ideal)
                                  2.000000    2.000000 ^ input external delay
     1    0.003293    0.021872    0.012091    2.012091 ^ otrip[2] (in)
                                                         otrip[2] (net)
                      0.021873    0.000000    2.012091 ^ input3/A (sky130_fd_sc_hd__clkbuf_1)
     2    0.007602    0.097582    0.110627    2.122718 ^ input3/X (sky130_fd_sc_hd__clkbuf_1)
                                                         net3 (net)
                      0.097585    0.000445    2.123162 ^ fanout23/A (sky130_fd_sc_hd__clkbuf_2)
    10    0.031957    0.176666    0.216438    2.339600 ^ fanout23/X (sky130_fd_sc_hd__clkbuf_2)
                                                         net23 (net)
                      0.176673    0.000872    2.340472 ^ _00_/D (sky130_fd_sc_hd__nor4_1)
     1    0.001834    0.044477    0.059409    2.399881 v _00_/Y (sky130_fd_sc_hd__nor4_1)
                                                         net5 (net)
                      0.044477    0.000084    2.399966 v output5/A (sky130_fd_sc_hd__buf_2)
     1    0.034953    0.091415    0.180373    2.580338 v output5/X (sky130_fd_sc_hd__buf_2)
                                                         otrip_decoded[0] (net)
                      0.091457    0.001650    2.581989 v otrip_decoded[0] (out)
                                              2.581989   data arrival time

                      0.000000    0.000000    0.000000   clock __VIRTUAL_CLK__ (rise edge)
                                  0.000000    0.000000   clock network delay (ideal)
                                  0.250000    0.250000   clock uncertainty
                                  0.000000    0.250000   clock reconvergence pessimism
                                 -2.000000   -1.750000   output external delay
                                             -1.750000   data required time
---------------------------------------------------------------------------------------------
                                             -1.750000   data required time
                                             -2.581989   data arrival time
---------------------------------------------------------------------------------------------
                                              4.331988   slack (MET)


Startpoint: otrip[2] (input port clocked by __VIRTUAL_CLK__)
Endpoint: otrip_decoded[1] (output port clocked by __VIRTUAL_CLK__)
Path Group: __VIRTUAL_CLK__
Path Type: min

Fanout         Cap        Slew       Delay        Time   Description
---------------------------------------------------------------------------------------------
                      0.000000    0.000000    0.000000   clock __VIRTUAL_CLK__ (rise edge)
                                  0.000000    0.000000   clock network delay (ideal)
                                  2.000000    2.000000 ^ input external delay
     1    0.003293    0.021872    0.012091    2.012091 ^ otrip[2] (in)
                                                         otrip[2] (net)
                      0.021873    0.000000    2.012091 ^ input3/A (sky130_fd_sc_hd__clkbuf_1)
     2    0.007602    0.097582    0.110627    2.122718 ^ input3/X (sky130_fd_sc_hd__clkbuf_1)
                                                         net3 (net)
                      0.097585    0.000445    2.123162 ^ fanout23/A (sky130_fd_sc_hd__clkbuf_2)
    10    0.031957    0.176666    0.216438    2.339600 ^ fanout23/X (sky130_fd_sc_hd__clkbuf_2)
                                                         net23 (net)
                      0.176697    0.001934    2.341534 ^ _01_/C (sky130_fd_sc_hd__nor4b_1)
     1    0.001906    0.034726    0.068723    2.410257 v _01_/Y (sky130_fd_sc_hd__nor4b_1)
                                                         net12 (net)
                      0.034726    0.000135    2.410392 v output12/A (sky130_fd_sc_hd__buf_2)
     1    0.034449    0.090387    0.175260    2.585652 v output12/X (sky130_fd_sc_hd__buf_2)
                                                         otrip_decoded[1] (net)
                      0.090427    0.001611    2.587263 v otrip_decoded[1] (out)
                                              2.587263   data arrival time

                      0.000000    0.000000    0.000000   clock __VIRTUAL_CLK__ (rise edge)
                                  0.000000    0.000000   clock network delay (ideal)
                                  0.250000    0.250000   clock uncertainty
                                  0.000000    0.250000   clock reconvergence pessimism
                                 -2.000000   -1.750000   output external delay
                                             -1.750000   data required time
---------------------------------------------------------------------------------------------
                                             -1.750000   data required time
                                             -2.587263   data arrival time
---------------------------------------------------------------------------------------------
                                              4.337263   slack (MET)


Startpoint: otrip[3] (input port clocked by __VIRTUAL_CLK__)
Endpoint: otrip_decoded[15] (output port clocked by __VIRTUAL_CLK__)
Path Group: __VIRTUAL_CLK__
Path Type: min

Fanout         Cap        Slew       Delay        Time   Description
---------------------------------------------------------------------------------------------
                      0.000000    0.000000    0.000000   clock __VIRTUAL_CLK__ (rise edge)
                                  0.000000    0.000000   clock network delay (ideal)
                                  2.000000    2.000000 v input external delay
     1    0.002877    0.008798    0.004602    2.004602 v otrip[3] (in)
                                                         otrip[3] (net)
                      0.008801    0.000000    2.004602 v input4/A (sky130_fd_sc_hd__clkbuf_1)
     2    0.006888    0.048139    0.091243    2.095845 v input4/X (sky130_fd_sc_hd__clkbuf_1)
                                                         net4 (net)
                      0.048142    0.000274    2.096120 v fanout22/A (sky130_fd_sc_hd__buf_1)
     6    0.016685    0.101529    0.149006    2.245126 v fanout22/X (sky130_fd_sc_hd__buf_1)
                                                         net22 (net)
                      0.101550    0.001222    2.246348 v _15_/A (sky130_fd_sc_hd__and4_1)
     1    0.002304    0.031049    0.164612    2.410960 v _15_/X (sky130_fd_sc_hd__and4_1)
                                                         net11 (net)
                      0.031050    0.000161    2.411121 v output11/A (sky130_fd_sc_hd__buf_2)
     1    0.034913    0.091447    0.174473    2.585594 v output11/X (sky130_fd_sc_hd__buf_2)
                                                         otrip_decoded[15] (net)
                      0.091492    0.001700    2.587294 v otrip_decoded[15] (out)
                                              2.587294   data arrival time

                      0.000000    0.000000    0.000000   clock __VIRTUAL_CLK__ (rise edge)
                                  0.000000    0.000000   clock network delay (ideal)
                                  0.250000    0.250000   clock uncertainty
                                  0.000000    0.250000   clock reconvergence pessimism
                                 -2.000000   -1.750000   output external delay
                                             -1.750000   data required time
---------------------------------------------------------------------------------------------
                                             -1.750000   data required time
                                             -2.587294   data arrival time
---------------------------------------------------------------------------------------------
                                              4.337294   slack (MET)


Startpoint: otrip[2] (input port clocked by __VIRTUAL_CLK__)
Endpoint: otrip_decoded[2] (output port clocked by __VIRTUAL_CLK__)
Path Group: __VIRTUAL_CLK__
Path Type: min

Fanout         Cap        Slew       Delay        Time   Description
---------------------------------------------------------------------------------------------
                      0.000000    0.000000    0.000000   clock __VIRTUAL_CLK__ (rise edge)
                                  0.000000    0.000000   clock network delay (ideal)
                                  2.000000    2.000000 ^ input external delay
     1    0.003293    0.021872    0.012091    2.012091 ^ otrip[2] (in)
                                                         otrip[2] (net)
                      0.021873    0.000000    2.012091 ^ input3/A (sky130_fd_sc_hd__clkbuf_1)
     2    0.007602    0.097582    0.110627    2.122718 ^ input3/X (sky130_fd_sc_hd__clkbuf_1)
                                                         net3 (net)
                      0.097585    0.000445    2.123162 ^ fanout23/A (sky130_fd_sc_hd__clkbuf_2)
    10    0.031957    0.176666    0.216438    2.339600 ^ fanout23/X (sky130_fd_sc_hd__clkbuf_2)
                                                         net23 (net)
                      0.176726    0.002677    2.342277 ^ _02_/C (sky130_fd_sc_hd__nor4b_1)
     1    0.001963    0.034923    0.069119    2.411397 v _02_/Y (sky130_fd_sc_hd__nor4b_1)
                                                         net13 (net)
                      0.034923    0.000138    2.411534 v output13/A (sky130_fd_sc_hd__buf_2)
     1    0.034450    0.090388    0.175347    2.586881 v output13/X (sky130_fd_sc_hd__buf_2)
                                                         otrip_decoded[2] (net)
                      0.090429    0.001612    2.588493 v otrip_decoded[2] (out)
                                              2.588493   data arrival time

                      0.000000    0.000000    0.000000   clock __VIRTUAL_CLK__ (rise edge)
                                  0.000000    0.000000   clock network delay (ideal)
                                  0.250000    0.250000   clock uncertainty
                                  0.000000    0.250000   clock reconvergence pessimism
                                 -2.000000   -1.750000   output external delay
                                             -1.750000   data required time
---------------------------------------------------------------------------------------------
                                             -1.750000   data required time
                                             -2.588493   data arrival time
---------------------------------------------------------------------------------------------
                                              4.338493   slack (MET)


Startpoint: otrip[0] (input port clocked by __VIRTUAL_CLK__)
Endpoint: otrip_decoded[4] (output port clocked by __VIRTUAL_CLK__)
Path Group: __VIRTUAL_CLK__
Path Type: min

Fanout         Cap        Slew       Delay        Time   Description
---------------------------------------------------------------------------------------------
                      0.000000    0.000000    0.000000   clock __VIRTUAL_CLK__ (rise edge)
                                  0.000000    0.000000   clock network delay (ideal)
                                  2.000000    2.000000 ^ input external delay
     1    0.003335    0.022057    0.012239    2.012239 ^ otrip[0] (in)
                                                         otrip[0] (net)
                      0.022059    0.000000    2.012239 ^ input1/A (sky130_fd_sc_hd__clkbuf_1)
     2    0.006808    0.088716    0.104397    2.116636 ^ input1/X (sky130_fd_sc_hd__clkbuf_1)
                                                         net1 (net)
                      0.088719    0.000413    2.117049 ^ fanout27/A (sky130_fd_sc_hd__clkbuf_2)
    10    0.033709    0.186099    0.220052    2.337101 ^ fanout27/X (sky130_fd_sc_hd__clkbuf_2)
                                                         net27 (net)
                      0.186108    0.001062    2.338163 ^ _04_/B (sky130_fd_sc_hd__nor4b_1)
     1    0.002021    0.035134    0.075820    2.413983 v _04_/Y (sky130_fd_sc_hd__nor4b_1)
                                                         net15 (net)
                      0.035134    0.000138    2.414121 v output15/A (sky130_fd_sc_hd__buf_2)
     1    0.034450    0.090387    0.175438    2.589560 v output15/X (sky130_fd_sc_hd__buf_2)
                                                         otrip_decoded[4] (net)
                      0.090428    0.001612    2.591171 v otrip_decoded[4] (out)
                                              2.591171   data arrival time

                      0.000000    0.000000    0.000000   clock __VIRTUAL_CLK__ (rise edge)
                                  0.000000    0.000000   clock network delay (ideal)
                                  0.250000    0.250000   clock uncertainty
                                  0.000000    0.250000   clock reconvergence pessimism
                                 -2.000000   -1.750000   output external delay
                                             -1.750000   data required time
---------------------------------------------------------------------------------------------
                                             -1.750000   data required time
                                             -2.591171   data arrival time
---------------------------------------------------------------------------------------------
                                              4.341171   slack (MET)


Startpoint: otrip[2] (input port clocked by __VIRTUAL_CLK__)
Endpoint: otrip_decoded[13] (output port clocked by __VIRTUAL_CLK__)
Path Group: __VIRTUAL_CLK__
Path Type: min

Fanout         Cap        Slew       Delay        Time   Description
---------------------------------------------------------------------------------------------
                      0.000000    0.000000    0.000000   clock __VIRTUAL_CLK__ (rise edge)
                                  0.000000    0.000000   clock network delay (ideal)
                                  2.000000    2.000000 v input external delay
     1    0.003117    0.009356    0.005012    2.005012 v otrip[2] (in)
                                                         otrip[2] (net)
                      0.009359    0.000000    2.005012 v input3/A (sky130_fd_sc_hd__clkbuf_1)
     2    0.007196    0.049769    0.092796    2.097808 v input3/X (sky130_fd_sc_hd__clkbuf_1)
                                                         net3 (net)
                      0.049775    0.000437    2.098245 v fanout24/A (sky130_fd_sc_hd__buf_1)
     6    0.013859    0.085807    0.138200    2.236445 v fanout24/X (sky130_fd_sc_hd__buf_1)
                                                         net24 (net)
                      0.085814    0.000635    2.237080 v _13_/B (sky130_fd_sc_hd__and4b_1)
     1    0.002127    0.032398    0.180800    2.417880 v _13_/X (sky130_fd_sc_hd__and4b_1)
                                                         net9 (net)
                      0.032398    0.000144    2.418024 v output9/A (sky130_fd_sc_hd__buf_2)
     1    0.034834    0.091259    0.174924    2.592948 v output9/X (sky130_fd_sc_hd__buf_2)
                                                         otrip_decoded[13] (net)
                      0.091302    0.001675    2.594623 v otrip_decoded[13] (out)
                                              2.594623   data arrival time

                      0.000000    0.000000    0.000000   clock __VIRTUAL_CLK__ (rise edge)
                                  0.000000    0.000000   clock network delay (ideal)
                                  0.250000    0.250000   clock uncertainty
                                  0.000000    0.250000   clock reconvergence pessimism
                                 -2.000000   -1.750000   output external delay
                                             -1.750000   data required time
---------------------------------------------------------------------------------------------
                                             -1.750000   data required time
                                             -2.594623   data arrival time
---------------------------------------------------------------------------------------------
                                              4.344623   slack (MET)


Startpoint: otrip[1] (input port clocked by __VIRTUAL_CLK__)
Endpoint: otrip_decoded[11] (output port clocked by __VIRTUAL_CLK__)
Path Group: __VIRTUAL_CLK__
Path Type: min

Fanout         Cap        Slew       Delay        Time   Description
---------------------------------------------------------------------------------------------
                      0.000000    0.000000    0.000000   clock __VIRTUAL_CLK__ (rise edge)
                                  0.000000    0.000000   clock network delay (ideal)
                                  2.000000    2.000000 v input external delay
     1    0.002907    0.008868    0.004654    2.004654 v otrip[1] (in)
                                                         otrip[1] (net)
                      0.008871    0.000000    2.004654 v input2/A (sky130_fd_sc_hd__clkbuf_1)
     2    0.009354    0.061002    0.101946    2.106599 v input2/X (sky130_fd_sc_hd__clkbuf_1)
                                                         net2 (net)
                      0.061010    0.000581    2.107180 v fanout26/A (sky130_fd_sc_hd__buf_1)
     6    0.014106    0.087150    0.144290    2.251470 v fanout26/X (sky130_fd_sc_hd__buf_1)
                                                         net26 (net)
                      0.087156    0.000636    2.252106 v _11_/B (sky130_fd_sc_hd__and4b_1)
     1    0.001825    0.031130    0.179361    2.431467 v _11_/X (sky130_fd_sc_hd__and4b_1)
                                                         net7 (net)
                      0.031130    0.000084    2.431551 v output7/A (sky130_fd_sc_hd__buf_2)
     1    0.035032    0.091699    0.174738    2.606289 v output7/X (sky130_fd_sc_hd__buf_2)
                                                         otrip_decoded[11] (net)
                      0.091743    0.001694    2.607983 v otrip_decoded[11] (out)
                                              2.607983   data arrival time

                      0.000000    0.000000    0.000000   clock __VIRTUAL_CLK__ (rise edge)
                                  0.000000    0.000000   clock network delay (ideal)
                                  0.250000    0.250000   clock uncertainty
                                  0.000000    0.250000   clock reconvergence pessimism
                                 -2.000000   -1.750000   output external delay
                                             -1.750000   data required time
---------------------------------------------------------------------------------------------
                                             -1.750000   data required time
                                             -2.607983   data arrival time
---------------------------------------------------------------------------------------------
                                              4.357983   slack (MET)


Startpoint: otrip[2] (input port clocked by __VIRTUAL_CLK__)
Endpoint: otrip_decoded[14] (output port clocked by __VIRTUAL_CLK__)
Path Group: __VIRTUAL_CLK__
Path Type: min

Fanout         Cap        Slew       Delay        Time   Description
---------------------------------------------------------------------------------------------
                      0.000000    0.000000    0.000000   clock __VIRTUAL_CLK__ (rise edge)
                                  0.000000    0.000000   clock network delay (ideal)
                                  2.000000    2.000000 v input external delay
     1    0.003117    0.009356    0.005012    2.005012 v otrip[2] (in)
                                                         otrip[2] (net)
                      0.009359    0.000000    2.005012 v input3/A (sky130_fd_sc_hd__clkbuf_1)
     2    0.007196    0.049769    0.092796    2.097808 v input3/X (sky130_fd_sc_hd__clkbuf_1)
                                                         net3 (net)
                      0.049775    0.000437    2.098245 v fanout24/A (sky130_fd_sc_hd__buf_1)
     6    0.013859    0.085807    0.138200    2.236445 v fanout24/X (sky130_fd_sc_hd__buf_1)
                                                         net24 (net)
                      0.085820    0.000888    2.237333 v _14_/C (sky130_fd_sc_hd__and4b_1)
     1    0.002598    0.034517    0.196856    2.434189 v _14_/X (sky130_fd_sc_hd__and4b_1)
                                                         net10 (net)
                      0.034519    0.000166    2.434355 v output10/A (sky130_fd_sc_hd__buf_2)
     1    0.034129    0.089715    0.174545    2.608900 v output10/X (sky130_fd_sc_hd__buf_2)
                                                         otrip_decoded[14] (net)
                      0.089758    0.001641    2.610541 v otrip_decoded[14] (out)
                                              2.610541   data arrival time

                      0.000000    0.000000    0.000000   clock __VIRTUAL_CLK__ (rise edge)
                                  0.000000    0.000000   clock network delay (ideal)
                                  0.250000    0.250000   clock uncertainty
                                  0.000000    0.250000   clock reconvergence pessimism
                                 -2.000000   -1.750000   output external delay
                                             -1.750000   data required time
---------------------------------------------------------------------------------------------
                                             -1.750000   data required time
                                             -2.610541   data arrival time
---------------------------------------------------------------------------------------------
                                              4.360540   slack (MET)


Startpoint: otrip[2] (input port clocked by __VIRTUAL_CLK__)
Endpoint: otrip_decoded[7] (output port clocked by __VIRTUAL_CLK__)
Path Group: __VIRTUAL_CLK__
Path Type: min

Fanout         Cap        Slew       Delay        Time   Description
---------------------------------------------------------------------------------------------
                      0.000000    0.000000    0.000000   clock __VIRTUAL_CLK__ (rise edge)
                                  0.000000    0.000000   clock network delay (ideal)
                                  2.000000    2.000000 v input external delay
     1    0.003117    0.009356    0.005012    2.005012 v otrip[2] (in)
                                                         otrip[2] (net)
                      0.009359    0.000000    2.005012 v input3/A (sky130_fd_sc_hd__clkbuf_1)
     2    0.007196    0.049769    0.092796    2.097808 v input3/X (sky130_fd_sc_hd__clkbuf_1)
                                                         net3 (net)
                      0.049775    0.000437    2.098245 v fanout24/A (sky130_fd_sc_hd__buf_1)
     6    0.013859    0.085807    0.138200    2.236445 v fanout24/X (sky130_fd_sc_hd__buf_1)
                                                         net24 (net)
                      0.085817    0.000753    2.237199 v _07_/D (sky130_fd_sc_hd__and4b_1)
     1    0.002758    0.035269    0.212275    2.449473 v _07_/X (sky130_fd_sc_hd__and4b_1)
                                                         net18 (net)
                      0.035271    0.000176    2.449649 v output18/A (sky130_fd_sc_hd__buf_2)
     1    0.033962    0.089333    0.174595    2.624244 v output18/X (sky130_fd_sc_hd__buf_2)
                                                         otrip_decoded[7] (net)
                      0.089373    0.001590    2.625834 v otrip_decoded[7] (out)
                                              2.625834   data arrival time

                      0.000000    0.000000    0.000000   clock __VIRTUAL_CLK__ (rise edge)
                                  0.000000    0.000000   clock network delay (ideal)
                                  0.250000    0.250000   clock uncertainty
                                  0.000000    0.250000   clock reconvergence pessimism
                                 -2.000000   -1.750000   output external delay
                                             -1.750000   data required time
---------------------------------------------------------------------------------------------
                                             -1.750000   data required time
                                             -2.625834   data arrival time
---------------------------------------------------------------------------------------------
                                              4.375834   slack (MET)


Startpoint: otrip[3] (input port clocked by __VIRTUAL_CLK__)
Endpoint: otrip_decoded[9] (output port clocked by __VIRTUAL_CLK__)
Path Group: __VIRTUAL_CLK__
Path Type: min

Fanout         Cap        Slew       Delay        Time   Description
---------------------------------------------------------------------------------------------
                      0.000000    0.000000    0.000000   clock __VIRTUAL_CLK__ (rise edge)
                                  0.000000    0.000000   clock network delay (ideal)
                                  2.000000    2.000000 v input external delay
     1    0.002877    0.008798    0.004602    2.004602 v otrip[3] (in)
                                                         otrip[3] (net)
                      0.008801    0.000000    2.004602 v input4/A (sky130_fd_sc_hd__clkbuf_1)
     2    0.006888    0.048139    0.091243    2.095845 v input4/X (sky130_fd_sc_hd__clkbuf_1)
                                                         net4 (net)
                      0.048142    0.000274    2.096120 v fanout22/A (sky130_fd_sc_hd__buf_1)
     6    0.016685    0.101529    0.149006    2.245126 v fanout22/X (sky130_fd_sc_hd__buf_1)
                                                         net22 (net)
                      0.101536    0.000734    2.245860 v _09_/C (sky130_fd_sc_hd__and4bb_1)
     1    0.002444    0.033031    0.205135    2.450995 v _09_/X (sky130_fd_sc_hd__and4bb_1)
                                                         net20 (net)
                      0.033033    0.000171    2.451166 v output20/A (sky130_fd_sc_hd__buf_2)
     1    0.034288    0.090050    0.174242    2.625407 v output20/X (sky130_fd_sc_hd__buf_2)
                                                         otrip_decoded[9] (net)
                      0.090090    0.001596    2.627004 v otrip_decoded[9] (out)
                                              2.627004   data arrival time

                      0.000000    0.000000    0.000000   clock __VIRTUAL_CLK__ (rise edge)
                                  0.000000    0.000000   clock network delay (ideal)
                                  0.250000    0.250000   clock uncertainty
                                  0.000000    0.250000   clock reconvergence pessimism
                                 -2.000000   -1.750000   output external delay
                                             -1.750000   data required time
---------------------------------------------------------------------------------------------
                                             -1.750000   data required time
                                             -2.627004   data arrival time
---------------------------------------------------------------------------------------------
                                              4.377004   slack (MET)


Startpoint: otrip[2] (input port clocked by __VIRTUAL_CLK__)
Endpoint: otrip_decoded[5] (output port clocked by __VIRTUAL_CLK__)
Path Group: __VIRTUAL_CLK__
Path Type: min

Fanout         Cap        Slew       Delay        Time   Description
---------------------------------------------------------------------------------------------
                      0.000000    0.000000    0.000000   clock __VIRTUAL_CLK__ (rise edge)
                                  0.000000    0.000000   clock network delay (ideal)
                                  2.000000    2.000000 v input external delay
     1    0.003117    0.009356    0.005012    2.005012 v otrip[2] (in)
                                                         otrip[2] (net)
                      0.009359    0.000000    2.005012 v input3/A (sky130_fd_sc_hd__clkbuf_1)
     2    0.007196    0.049769    0.092796    2.097808 v input3/X (sky130_fd_sc_hd__clkbuf_1)
                                                         net3 (net)
                      0.049774    0.000415    2.098223 v fanout23/A (sky130_fd_sc_hd__clkbuf_2)
    10    0.030285    0.118864    0.178093    2.276316 v fanout23/X (sky130_fd_sc_hd__clkbuf_2)
                                                         net23 (net)
                      0.118979    0.003084    2.279400 v _05_/C (sky130_fd_sc_hd__and4bb_1)
     1    0.001897    0.030617    0.209303    2.488704 v _05_/X (sky130_fd_sc_hd__and4bb_1)
                                                         net16 (net)
                      0.030617    0.000134    2.488838 v output16/A (sky130_fd_sc_hd__buf_2)
     1    0.034050    0.089586    0.172693    2.661531 v output16/X (sky130_fd_sc_hd__buf_2)
                                                         otrip_decoded[5] (net)
                      0.089630    0.001673    2.663204 v otrip_decoded[5] (out)
                                              2.663204   data arrival time

                      0.000000    0.000000    0.000000   clock __VIRTUAL_CLK__ (rise edge)
                                  0.000000    0.000000   clock network delay (ideal)
                                  0.250000    0.250000   clock uncertainty
                                  0.000000    0.250000   clock reconvergence pessimism
                                 -2.000000   -1.750000   output external delay
                                             -1.750000   data required time
---------------------------------------------------------------------------------------------
                                             -1.750000   data required time
                                             -2.663204   data arrival time
---------------------------------------------------------------------------------------------
                                              4.413204   slack (MET)


Startpoint: otrip[1] (input port clocked by __VIRTUAL_CLK__)
Endpoint: otrip_decoded[6] (output port clocked by __VIRTUAL_CLK__)
Path Group: __VIRTUAL_CLK__
Path Type: min

Fanout         Cap        Slew       Delay        Time   Description
---------------------------------------------------------------------------------------------
                      0.000000    0.000000    0.000000   clock __VIRTUAL_CLK__ (rise edge)
                                  0.000000    0.000000   clock network delay (ideal)
                                  2.000000    2.000000 v input external delay
     1    0.002907    0.008868    0.004654    2.004654 v otrip[1] (in)
                                                         otrip[1] (net)
                      0.008871    0.000000    2.004654 v input2/A (sky130_fd_sc_hd__clkbuf_1)
     2    0.009354    0.061002    0.101946    2.106599 v input2/X (sky130_fd_sc_hd__clkbuf_1)
                                                         net2 (net)
                      0.061009    0.000528    2.107128 v fanout25/A (sky130_fd_sc_hd__clkbuf_2)
    10    0.027197    0.107567    0.175530    2.282657 v fanout25/X (sky130_fd_sc_hd__clkbuf_2)
                                                         net25 (net)
                      0.107594    0.001418    2.284075 v _06_/C (sky130_fd_sc_hd__and4bb_1)
     1    0.002260    0.032174    0.206631    2.490706 v _06_/X (sky130_fd_sc_hd__and4bb_1)
                                                         net17 (net)
                      0.032175    0.000152    2.490858 v output17/A (sky130_fd_sc_hd__buf_2)
     1    0.034489    0.090553    0.174109    2.664967 v output17/X (sky130_fd_sc_hd__buf_2)
                                                         otrip_decoded[6] (net)
                      0.090602    0.001773    2.666739 v otrip_decoded[6] (out)
                                              2.666739   data arrival time

                      0.000000    0.000000    0.000000   clock __VIRTUAL_CLK__ (rise edge)
                                  0.000000    0.000000   clock network delay (ideal)
                                  0.250000    0.250000   clock uncertainty
                                  0.000000    0.250000   clock reconvergence pessimism
                                 -2.000000   -1.750000   output external delay
                                             -1.750000   data required time
---------------------------------------------------------------------------------------------
                                             -1.750000   data required time
                                             -2.666739   data arrival time
---------------------------------------------------------------------------------------------
                                              4.416739   slack (MET)


Startpoint: otrip[1] (input port clocked by __VIRTUAL_CLK__)
Endpoint: otrip_decoded[3] (output port clocked by __VIRTUAL_CLK__)
Path Group: __VIRTUAL_CLK__
Path Type: min

Fanout         Cap        Slew       Delay        Time   Description
---------------------------------------------------------------------------------------------
                      0.000000    0.000000    0.000000   clock __VIRTUAL_CLK__ (rise edge)
                                  0.000000    0.000000   clock network delay (ideal)
                                  2.000000    2.000000 v input external delay
     1    0.002907    0.008868    0.004654    2.004654 v otrip[1] (in)
                                                         otrip[1] (net)
                      0.008871    0.000000    2.004654 v input2/A (sky130_fd_sc_hd__clkbuf_1)
     2    0.009354    0.061002    0.101946    2.106599 v input2/X (sky130_fd_sc_hd__clkbuf_1)
                                                         net2 (net)
                      0.061009    0.000528    2.107128 v fanout25/A (sky130_fd_sc_hd__clkbuf_2)
    10    0.027197    0.107567    0.175530    2.282657 v fanout25/X (sky130_fd_sc_hd__clkbuf_2)
                                                         net25 (net)
                      0.107589    0.001278    2.283935 v _03_/C (sky130_fd_sc_hd__and4bb_1)
     1    0.002624    0.033867    0.209188    2.493124 v _03_/X (sky130_fd_sc_hd__and4bb_1)
                                                         net14 (net)
                      0.033868    0.000159    2.493283 v output14/A (sky130_fd_sc_hd__buf_2)
     1    0.034175    0.089822    0.174346    2.667629 v output14/X (sky130_fd_sc_hd__buf_2)
                                                         otrip_decoded[3] (net)
                      0.089865    0.001650    2.669279 v otrip_decoded[3] (out)
                                              2.669279   data arrival time

                      0.000000    0.000000    0.000000   clock __VIRTUAL_CLK__ (rise edge)
                                  0.000000    0.000000   clock network delay (ideal)
                                  0.250000    0.250000   clock uncertainty
                                  0.000000    0.250000   clock reconvergence pessimism
                                 -2.000000   -1.750000   output external delay
                                             -1.750000   data required time
---------------------------------------------------------------------------------------------
                                             -1.750000   data required time
                                             -2.669279   data arrival time
---------------------------------------------------------------------------------------------
                                              4.419279   slack (MET)


Startpoint: otrip[1] (input port clocked by __VIRTUAL_CLK__)
Endpoint: otrip_decoded[10] (output port clocked by __VIRTUAL_CLK__)
Path Group: __VIRTUAL_CLK__
Path Type: min

Fanout         Cap        Slew       Delay        Time   Description
---------------------------------------------------------------------------------------------
                      0.000000    0.000000    0.000000   clock __VIRTUAL_CLK__ (rise edge)
                                  0.000000    0.000000   clock network delay (ideal)
                                  2.000000    2.000000 v input external delay
     1    0.002907    0.008868    0.004654    2.004654 v otrip[1] (in)
                                                         otrip[1] (net)
                      0.008871    0.000000    2.004654 v input2/A (sky130_fd_sc_hd__clkbuf_1)
     2    0.009354    0.061002    0.101946    2.106599 v input2/X (sky130_fd_sc_hd__clkbuf_1)
                                                         net2 (net)
                      0.061009    0.000528    2.107128 v fanout25/A (sky130_fd_sc_hd__clkbuf_2)
    10    0.027197    0.107567    0.175530    2.282657 v fanout25/X (sky130_fd_sc_hd__clkbuf_2)
                                                         net25 (net)
                      0.107596    0.001463    2.284121 v _10_/C (sky130_fd_sc_hd__and4bb_1)
     1    0.002652    0.034004    0.209392    2.493512 v _10_/X (sky130_fd_sc_hd__and4bb_1)
                                                         net6 (net)
                      0.034006    0.000162    2.493674 v output6/A (sky130_fd_sc_hd__buf_2)
     1    0.034144    0.089750    0.174353    2.668027 v output6/X (sky130_fd_sc_hd__buf_2)
                                                         otrip_decoded[10] (net)
                      0.089792    0.001640    2.669667 v otrip_decoded[10] (out)
                                              2.669667   data arrival time

                      0.000000    0.000000    0.000000   clock __VIRTUAL_CLK__ (rise edge)
                                  0.000000    0.000000   clock network delay (ideal)
                                  0.250000    0.250000   clock uncertainty
                                  0.000000    0.250000   clock reconvergence pessimism
                                 -2.000000   -1.750000   output external delay
                                             -1.750000   data required time
---------------------------------------------------------------------------------------------
                                             -1.750000   data required time
                                             -2.669667   data arrival time
---------------------------------------------------------------------------------------------
                                              4.419667   slack (MET)


Startpoint: otrip[2] (input port clocked by __VIRTUAL_CLK__)
Endpoint: otrip_decoded[12] (output port clocked by __VIRTUAL_CLK__)
Path Group: __VIRTUAL_CLK__
Path Type: min

Fanout         Cap        Slew       Delay        Time   Description
---------------------------------------------------------------------------------------------
                      0.000000    0.000000    0.000000   clock __VIRTUAL_CLK__ (rise edge)
                                  0.000000    0.000000   clock network delay (ideal)
                                  2.000000    2.000000 v input external delay
     1    0.003117    0.009356    0.005012    2.005012 v otrip[2] (in)
                                                         otrip[2] (net)
                      0.009359    0.000000    2.005012 v input3/A (sky130_fd_sc_hd__clkbuf_1)
     2    0.007196    0.049769    0.092796    2.097808 v input3/X (sky130_fd_sc_hd__clkbuf_1)
                                                         net3 (net)
                      0.049774    0.000415    2.098223 v fanout23/A (sky130_fd_sc_hd__clkbuf_2)
    10    0.030285    0.118864    0.178093    2.276316 v fanout23/X (sky130_fd_sc_hd__clkbuf_2)
                                                         net23 (net)
                      0.118977    0.003060    2.279376 v _12_/C (sky130_fd_sc_hd__and4bb_1)
     1    0.002843    0.034932    0.215940    2.495316 v _12_/X (sky130_fd_sc_hd__and4bb_1)
                                                         net8 (net)
                      0.034934    0.000181    2.495498 v output8/A (sky130_fd_sc_hd__buf_2)
     1    0.034217    0.089925    0.174839    2.670336 v output8/X (sky130_fd_sc_hd__buf_2)
                                                         otrip_decoded[12] (net)
                      0.089971    0.001703    2.672039 v otrip_decoded[12] (out)
                                              2.672039   data arrival time

                      0.000000    0.000000    0.000000   clock __VIRTUAL_CLK__ (rise edge)
                                  0.000000    0.000000   clock network delay (ideal)
                                  0.250000    0.250000   clock uncertainty
                                  0.000000    0.250000   clock reconvergence pessimism
                                 -2.000000   -1.750000   output external delay
                                             -1.750000   data required time
---------------------------------------------------------------------------------------------
                                             -1.750000   data required time
                                             -2.672039   data arrival time
---------------------------------------------------------------------------------------------
                                              4.422040   slack (MET)



