
===========================================================================
report_checks -path_delay min (Hold)
============================================================================
======================= nom_tt_025C_1v80 Corner ===================================

Startpoint: otrip[2] (input port clocked by __VIRTUAL_CLK__)
Endpoint: otrip_decoded[8] (output port clocked by __VIRTUAL_CLK__)
Path Group: __VIRTUAL_CLK__
Path Type: min

Fanout         Cap        Slew       Delay        Time   Description
---------------------------------------------------------------------------------------------
                      0.000000    0.000000    0.000000   clock __VIRTUAL_CLK__ (rise edge)
                                  0.000000    0.000000   clock network delay (ideal)
                                  2.000000    2.000000 ^ input external delay
     1    0.003240    0.021642    0.011869    2.011869 ^ otrip[2] (in)
                                                         otrip[2] (net)
                      0.021642    0.000000    2.011869 ^ input3/A (sky130_fd_sc_hd__clkbuf_1)
     2    0.007420    0.095547    0.109233    2.121102 ^ input3/X (sky130_fd_sc_hd__clkbuf_1)
                                                         net3 (net)
                      0.095548    0.000215    2.121317 ^ fanout24/A (sky130_fd_sc_hd__buf_1)
     6    0.014184    0.172772    0.185397    2.306715 ^ fanout24/X (sky130_fd_sc_hd__buf_1)
                                                         net24 (net)
                      0.172773    0.000404    2.307119 ^ _08_/C (sky130_fd_sc_hd__nor4b_1)
     1    0.001914    0.034741    0.068278    2.375397 v _08_/Y (sky130_fd_sc_hd__nor4b_1)
                                                         net19 (net)
                      0.034741    0.000054    2.375450 v output19/A (sky130_fd_sc_hd__buf_2)
     1    0.034661    0.090448    0.176421    2.551871 v output19/X (sky130_fd_sc_hd__buf_2)
                                                         otrip_decoded[8] (net)
                      0.090455    0.000651    2.552522 v otrip_decoded[8] (out)
                                              2.552522   data arrival time

                      0.000000    0.000000    0.000000   clock __VIRTUAL_CLK__ (rise edge)
                                  0.000000    0.000000   clock network delay (ideal)
                                  0.250000    0.250000   clock uncertainty
                                  0.000000    0.250000   clock reconvergence pessimism
                                 -2.000000   -1.750000   output external delay
                                             -1.750000   data required time
---------------------------------------------------------------------------------------------
                                             -1.750000   data required time
                                             -2.552522   data arrival time
---------------------------------------------------------------------------------------------
                                              4.302522   slack (MET)


Startpoint: otrip[2] (input port clocked by __VIRTUAL_CLK__)
Endpoint: otrip_decoded[0] (output port clocked by __VIRTUAL_CLK__)
Path Group: __VIRTUAL_CLK__
Path Type: min

Fanout         Cap        Slew       Delay        Time   Description
---------------------------------------------------------------------------------------------
                      0.000000    0.000000    0.000000   clock __VIRTUAL_CLK__ (rise edge)
                                  0.000000    0.000000   clock network delay (ideal)
                                  2.000000    2.000000 ^ input external delay
     1    0.003240    0.021642    0.011869    2.011869 ^ otrip[2] (in)
                                                         otrip[2] (net)
                      0.021642    0.000000    2.011869 ^ input3/A (sky130_fd_sc_hd__clkbuf_1)
     2    0.007420    0.095547    0.109233    2.121102 ^ input3/X (sky130_fd_sc_hd__clkbuf_1)
                                                         net3 (net)
                      0.095547    0.000203    2.121305 ^ fanout23/A (sky130_fd_sc_hd__clkbuf_2)
    10    0.031051    0.172424    0.213092    2.334396 ^ fanout23/X (sky130_fd_sc_hd__clkbuf_2)
                                                         net23 (net)
                      0.172425    0.000379    2.334775 ^ _00_/D (sky130_fd_sc_hd__nor4_1)
     1    0.001819    0.043763    0.058869    2.393645 v _00_/Y (sky130_fd_sc_hd__nor4_1)
                                                         net5 (net)
                      0.043763    0.000035    2.393680 v output5/A (sky130_fd_sc_hd__buf_2)
     1    0.034898    0.090891    0.180748    2.574428 v output5/X (sky130_fd_sc_hd__buf_2)
                                                         otrip_decoded[0] (net)
                      0.090898    0.000653    2.575081 v otrip_decoded[0] (out)
                                              2.575081   data arrival time

                      0.000000    0.000000    0.000000   clock __VIRTUAL_CLK__ (rise edge)
                                  0.000000    0.000000   clock network delay (ideal)
                                  0.250000    0.250000   clock uncertainty
                                  0.000000    0.250000   clock reconvergence pessimism
                                 -2.000000   -1.750000   output external delay
                                             -1.750000   data required time
---------------------------------------------------------------------------------------------
                                             -1.750000   data required time
                                             -2.575081   data arrival time
---------------------------------------------------------------------------------------------
                                              4.325081   slack (MET)


Startpoint: otrip[3] (input port clocked by __VIRTUAL_CLK__)
Endpoint: otrip_decoded[15] (output port clocked by __VIRTUAL_CLK__)
Path Group: __VIRTUAL_CLK__
Path Type: min

Fanout         Cap        Slew       Delay        Time   Description
---------------------------------------------------------------------------------------------
                      0.000000    0.000000    0.000000   clock __VIRTUAL_CLK__ (rise edge)
                                  0.000000    0.000000   clock network delay (ideal)
                                  2.000000    2.000000 v input external delay
     1    0.002835    0.008708    0.004497    2.004497 v otrip[3] (in)
                                                         otrip[3] (net)
                      0.008708    0.000000    2.004497 v input4/A (sky130_fd_sc_hd__clkbuf_1)
     2    0.006732    0.047222    0.090590    2.095087 v input4/X (sky130_fd_sc_hd__clkbuf_1)
                                                         net4 (net)
                      0.047222    0.000127    2.095214 v fanout22/A (sky130_fd_sc_hd__buf_1)
     6    0.015906    0.097048    0.145813    2.241027 v fanout22/X (sky130_fd_sc_hd__buf_1)
                                                         net22 (net)
                      0.097052    0.000581    2.241608 v _15_/A (sky130_fd_sc_hd__and4_1)
     1    0.002224    0.030698    0.162131    2.403738 v _15_/X (sky130_fd_sc_hd__and4_1)
                                                         net11 (net)
                      0.030698    0.000065    2.403803 v output11/A (sky130_fd_sc_hd__buf_2)
     1    0.034839    0.090879    0.174976    2.578779 v output11/X (sky130_fd_sc_hd__buf_2)
                                                         otrip_decoded[15] (net)
                      0.090886    0.000695    2.579475 v otrip_decoded[15] (out)
                                              2.579475   data arrival time

                      0.000000    0.000000    0.000000   clock __VIRTUAL_CLK__ (rise edge)
                                  0.000000    0.000000   clock network delay (ideal)
                                  0.250000    0.250000   clock uncertainty
                                  0.000000    0.250000   clock reconvergence pessimism
                                 -2.000000   -1.750000   output external delay
                                             -1.750000   data required time
---------------------------------------------------------------------------------------------
                                             -1.750000   data required time
                                             -2.579475   data arrival time
---------------------------------------------------------------------------------------------
                                              4.329474   slack (MET)


Startpoint: otrip[2] (input port clocked by __VIRTUAL_CLK__)
Endpoint: otrip_decoded[1] (output port clocked by __VIRTUAL_CLK__)
Path Group: __VIRTUAL_CLK__
Path Type: min

Fanout         Cap        Slew       Delay        Time   Description
---------------------------------------------------------------------------------------------
                      0.000000    0.000000    0.000000   clock __VIRTUAL_CLK__ (rise edge)
                                  0.000000    0.000000   clock network delay (ideal)
                                  2.000000    2.000000 ^ input external delay
     1    0.003240    0.021642    0.011869    2.011869 ^ otrip[2] (in)
                                                         otrip[2] (net)
                      0.021642    0.000000    2.011869 ^ input3/A (sky130_fd_sc_hd__clkbuf_1)
     2    0.007420    0.095547    0.109233    2.121102 ^ input3/X (sky130_fd_sc_hd__clkbuf_1)
                                                         net3 (net)
                      0.095547    0.000203    2.121305 ^ fanout23/A (sky130_fd_sc_hd__clkbuf_2)
    10    0.031051    0.172424    0.213092    2.334396 ^ fanout23/X (sky130_fd_sc_hd__clkbuf_2)
                                                         net23 (net)
                      0.172433    0.001045    2.335441 ^ _01_/C (sky130_fd_sc_hd__nor4b_1)
     1    0.001879    0.034571    0.067993    2.403433 v _01_/Y (sky130_fd_sc_hd__nor4b_1)
                                                         net12 (net)
                      0.034571    0.000053    2.403486 v output12/A (sky130_fd_sc_hd__buf_2)
     1    0.034393    0.089916    0.175770    2.579256 v output12/X (sky130_fd_sc_hd__buf_2)
                                                         otrip_decoded[1] (net)
                      0.089924    0.000747    2.580003 v otrip_decoded[1] (out)
                                              2.580003   data arrival time

                      0.000000    0.000000    0.000000   clock __VIRTUAL_CLK__ (rise edge)
                                  0.000000    0.000000   clock network delay (ideal)
                                  0.250000    0.250000   clock uncertainty
                                  0.000000    0.250000   clock reconvergence pessimism
                                 -2.000000   -1.750000   output external delay
                                             -1.750000   data required time
---------------------------------------------------------------------------------------------
                                             -1.750000   data required time
                                             -2.580003   data arrival time
---------------------------------------------------------------------------------------------
                                              4.330003   slack (MET)


Startpoint: otrip[2] (input port clocked by __VIRTUAL_CLK__)
Endpoint: otrip_decoded[2] (output port clocked by __VIRTUAL_CLK__)
Path Group: __VIRTUAL_CLK__
Path Type: min

Fanout         Cap        Slew       Delay        Time   Description
---------------------------------------------------------------------------------------------
                      0.000000    0.000000    0.000000   clock __VIRTUAL_CLK__ (rise edge)
                                  0.000000    0.000000   clock network delay (ideal)
                                  2.000000    2.000000 ^ input external delay
     1    0.003240    0.021642    0.011869    2.011869 ^ otrip[2] (in)
                                                         otrip[2] (net)
                      0.021642    0.000000    2.011869 ^ input3/A (sky130_fd_sc_hd__clkbuf_1)
     2    0.007420    0.095547    0.109233    2.121102 ^ input3/X (sky130_fd_sc_hd__clkbuf_1)
                                                         net3 (net)
                      0.095547    0.000203    2.121305 ^ fanout23/A (sky130_fd_sc_hd__clkbuf_2)
    10    0.031051    0.172424    0.213092    2.334396 ^ fanout23/X (sky130_fd_sc_hd__clkbuf_2)
                                                         net23 (net)
                      0.172439    0.001365    2.335762 ^ _02_/C (sky130_fd_sc_hd__nor4b_1)
     1    0.001925    0.034774    0.068309    2.404071 v _02_/Y (sky130_fd_sc_hd__nor4b_1)
                                                         net13 (net)
                      0.034774    0.000054    2.404125 v output13/A (sky130_fd_sc_hd__buf_2)
     1    0.034394    0.089917    0.175860    2.579984 v output13/X (sky130_fd_sc_hd__buf_2)
                                                         otrip_decoded[2] (net)
                      0.089925    0.000747    2.580732 v otrip_decoded[2] (out)
                                              2.580732   data arrival time

                      0.000000    0.000000    0.000000   clock __VIRTUAL_CLK__ (rise edge)
                                  0.000000    0.000000   clock network delay (ideal)
                                  0.250000    0.250000   clock uncertainty
                                  0.000000    0.250000   clock reconvergence pessimism
                                 -2.000000   -1.750000   output external delay
                                             -1.750000   data required time
---------------------------------------------------------------------------------------------
                                             -1.750000   data required time
                                             -2.580732   data arrival time
---------------------------------------------------------------------------------------------
                                              4.330732   slack (MET)


Startpoint: otrip[0] (input port clocked by __VIRTUAL_CLK__)
Endpoint: otrip_decoded[4] (output port clocked by __VIRTUAL_CLK__)
Path Group: __VIRTUAL_CLK__
Path Type: min

Fanout         Cap        Slew       Delay        Time   Description
---------------------------------------------------------------------------------------------
                      0.000000    0.000000    0.000000   clock __VIRTUAL_CLK__ (rise edge)
                                  0.000000    0.000000   clock network delay (ideal)
                                  2.000000    2.000000 ^ input external delay
     1    0.003261    0.021730    0.011936    2.011936 ^ otrip[0] (in)
                                                         otrip[0] (net)
                      0.021730    0.000000    2.011936 ^ input1/A (sky130_fd_sc_hd__clkbuf_1)
     2    0.006598    0.086340    0.102746    2.114683 ^ input1/X (sky130_fd_sc_hd__clkbuf_1)
                                                         net1 (net)
                      0.086341    0.000172    2.114855 ^ fanout27/A (sky130_fd_sc_hd__clkbuf_2)
    10    0.032572    0.180256    0.215564    2.330420 ^ fanout27/X (sky130_fd_sc_hd__clkbuf_2)
                                                         net27 (net)
                      0.180257    0.000477    2.330896 ^ _04_/B (sky130_fd_sc_hd__nor4b_1)
     1    0.001975    0.034954    0.074597    2.405493 v _04_/Y (sky130_fd_sc_hd__nor4b_1)
                                                         net15 (net)
                      0.034954    0.000055    2.405548 v output15/A (sky130_fd_sc_hd__buf_2)
     1    0.034394    0.089915    0.175937    2.581485 v output15/X (sky130_fd_sc_hd__buf_2)
                                                         otrip_decoded[4] (net)
                      0.089924    0.000747    2.582232 v otrip_decoded[4] (out)
                                              2.582232   data arrival time

                      0.000000    0.000000    0.000000   clock __VIRTUAL_CLK__ (rise edge)
                                  0.000000    0.000000   clock network delay (ideal)
                                  0.250000    0.250000   clock uncertainty
                                  0.000000    0.250000   clock reconvergence pessimism
                                 -2.000000   -1.750000   output external delay
                                             -1.750000   data required time
---------------------------------------------------------------------------------------------
                                             -1.750000   data required time
                                             -2.582232   data arrival time
---------------------------------------------------------------------------------------------
                                              4.332232   slack (MET)


Startpoint: otrip[2] (input port clocked by __VIRTUAL_CLK__)
Endpoint: otrip_decoded[13] (output port clocked by __VIRTUAL_CLK__)
Path Group: __VIRTUAL_CLK__
Path Type: min

Fanout         Cap        Slew       Delay        Time   Description
---------------------------------------------------------------------------------------------
                      0.000000    0.000000    0.000000   clock __VIRTUAL_CLK__ (rise edge)
                                  0.000000    0.000000   clock network delay (ideal)
                                  2.000000    2.000000 v input external delay
     1    0.003064    0.009239    0.004889    2.004889 v otrip[2] (in)
                                                         otrip[2] (net)
                      0.009240    0.000000    2.004889 v input3/A (sky130_fd_sc_hd__clkbuf_1)
     2    0.007014    0.048807    0.092052    2.096941 v input3/X (sky130_fd_sc_hd__clkbuf_1)
                                                         net3 (net)
                      0.048808    0.000202    2.097142 v fanout24/A (sky130_fd_sc_hd__buf_1)
     6    0.013376    0.083037    0.136045    2.233187 v fanout24/X (sky130_fd_sc_hd__buf_1)
                                                         net24 (net)
                      0.083038    0.000263    2.233451 v _13_/B (sky130_fd_sc_hd__and4b_1)
     1    0.002073    0.032161    0.179190    2.412640 v _13_/X (sky130_fd_sc_hd__and4b_1)
                                                         net9 (net)
                      0.032161    0.000059    2.412699 v output9/A (sky130_fd_sc_hd__buf_2)
     1    0.034727    0.090620    0.175414    2.588113 v output9/X (sky130_fd_sc_hd__buf_2)
                                                         otrip_decoded[13] (net)
                      0.090627    0.000674    2.588787 v otrip_decoded[13] (out)
                                              2.588787   data arrival time

                      0.000000    0.000000    0.000000   clock __VIRTUAL_CLK__ (rise edge)
                                  0.000000    0.000000   clock network delay (ideal)
                                  0.250000    0.250000   clock uncertainty
                                  0.000000    0.250000   clock reconvergence pessimism
                                 -2.000000   -1.750000   output external delay
                                             -1.750000   data required time
---------------------------------------------------------------------------------------------
                                             -1.750000   data required time
                                             -2.588787   data arrival time
---------------------------------------------------------------------------------------------
                                              4.338787   slack (MET)


Startpoint: otrip[1] (input port clocked by __VIRTUAL_CLK__)
Endpoint: otrip_decoded[11] (output port clocked by __VIRTUAL_CLK__)
Path Group: __VIRTUAL_CLK__
Path Type: min

Fanout         Cap        Slew       Delay        Time   Description
---------------------------------------------------------------------------------------------
                      0.000000    0.000000    0.000000   clock __VIRTUAL_CLK__ (rise edge)
                                  0.000000    0.000000   clock network delay (ideal)
                                  2.000000    2.000000 v input external delay
     1    0.002861    0.008767    0.004540    2.004540 v otrip[1] (in)
                                                         otrip[1] (net)
                      0.008768    0.000000    2.004540 v input2/A (sky130_fd_sc_hd__clkbuf_1)
     2    0.009013    0.059028    0.100653    2.105193 v input2/X (sky130_fd_sc_hd__clkbuf_1)
                                                         net2 (net)
                      0.059030    0.000282    2.105475 v fanout26/A (sky130_fd_sc_hd__buf_1)
     6    0.013595    0.084238    0.141517    2.246993 v fanout26/X (sky130_fd_sc_hd__buf_1)
                                                         net26 (net)
                      0.084239    0.000250    2.247243 v _11_/B (sky130_fd_sc_hd__and4b_1)
     1    0.001811    0.031063    0.177949    2.425192 v _11_/X (sky130_fd_sc_hd__and4b_1)
                                                         net7 (net)
                      0.031063    0.000035    2.425227 v output7/A (sky130_fd_sc_hd__buf_2)
     1    0.034995    0.091209    0.175431    2.600657 v output7/X (sky130_fd_sc_hd__buf_2)
                                                         otrip_decoded[11] (net)
                      0.091216    0.000690    2.601348 v otrip_decoded[11] (out)
                                              2.601348   data arrival time

                      0.000000    0.000000    0.000000   clock __VIRTUAL_CLK__ (rise edge)
                                  0.000000    0.000000   clock network delay (ideal)
                                  0.250000    0.250000   clock uncertainty
                                  0.000000    0.250000   clock reconvergence pessimism
                                 -2.000000   -1.750000   output external delay
                                             -1.750000   data required time
---------------------------------------------------------------------------------------------
                                             -1.750000   data required time
                                             -2.601348   data arrival time
---------------------------------------------------------------------------------------------
                                              4.351348   slack (MET)


Startpoint: otrip[2] (input port clocked by __VIRTUAL_CLK__)
Endpoint: otrip_decoded[14] (output port clocked by __VIRTUAL_CLK__)
Path Group: __VIRTUAL_CLK__
Path Type: min

Fanout         Cap        Slew       Delay        Time   Description
---------------------------------------------------------------------------------------------
                      0.000000    0.000000    0.000000   clock __VIRTUAL_CLK__ (rise edge)
                                  0.000000    0.000000   clock network delay (ideal)
                                  2.000000    2.000000 v input external delay
     1    0.003064    0.009239    0.004889    2.004889 v otrip[2] (in)
                                                         otrip[2] (net)
                      0.009240    0.000000    2.004889 v input3/A (sky130_fd_sc_hd__clkbuf_1)
     2    0.007014    0.048807    0.092052    2.096941 v input3/X (sky130_fd_sc_hd__clkbuf_1)
                                                         net3 (net)
                      0.048808    0.000202    2.097142 v fanout24/A (sky130_fd_sc_hd__buf_1)
     6    0.013376    0.083037    0.136045    2.233187 v fanout24/X (sky130_fd_sc_hd__buf_1)
                                                         net24 (net)
                      0.083039    0.000366    2.233554 v _14_/C (sky130_fd_sc_hd__and4b_1)
     1    0.002505    0.034064    0.194945    2.428499 v _14_/X (sky130_fd_sc_hd__and4b_1)
                                                         net10 (net)
                      0.034064    0.000075    2.428574 v output10/A (sky130_fd_sc_hd__buf_2)
     1    0.034082    0.089214    0.175041    2.603615 v output10/X (sky130_fd_sc_hd__buf_2)
                                                         otrip_decoded[14] (net)
                      0.089221    0.000656    2.604272 v otrip_decoded[14] (out)
                                              2.604272   data arrival time

                      0.000000    0.000000    0.000000   clock __VIRTUAL_CLK__ (rise edge)
                                  0.000000    0.000000   clock network delay (ideal)
                                  0.250000    0.250000   clock uncertainty
                                  0.000000    0.250000   clock reconvergence pessimism
                                 -2.000000   -1.750000   output external delay
                                             -1.750000   data required time
---------------------------------------------------------------------------------------------
                                             -1.750000   data required time
                                             -2.604272   data arrival time
---------------------------------------------------------------------------------------------
                                              4.354272   slack (MET)


Startpoint: otrip[2] (input port clocked by __VIRTUAL_CLK__)
Endpoint: otrip_decoded[7] (output port clocked by __VIRTUAL_CLK__)
Path Group: __VIRTUAL_CLK__
Path Type: min

Fanout         Cap        Slew       Delay        Time   Description
---------------------------------------------------------------------------------------------
                      0.000000    0.000000    0.000000   clock __VIRTUAL_CLK__ (rise edge)
                                  0.000000    0.000000   clock network delay (ideal)
                                  2.000000    2.000000 v input external delay
     1    0.003064    0.009239    0.004889    2.004889 v otrip[2] (in)
                                                         otrip[2] (net)
                      0.009240    0.000000    2.004889 v input3/A (sky130_fd_sc_hd__clkbuf_1)
     2    0.007014    0.048807    0.092052    2.096941 v input3/X (sky130_fd_sc_hd__clkbuf_1)
                                                         net3 (net)
                      0.048808    0.000202    2.097142 v fanout24/A (sky130_fd_sc_hd__buf_1)
     6    0.013376    0.083037    0.136045    2.233187 v fanout24/X (sky130_fd_sc_hd__buf_1)
                                                         net24 (net)
                      0.083039    0.000312    2.233499 v _07_/D (sky130_fd_sc_hd__and4b_1)
     1    0.002620    0.034602    0.210026    2.443525 v _07_/X (sky130_fd_sc_hd__and4b_1)
                                                         net18 (net)
                      0.034603    0.000079    2.443604 v output18/A (sky130_fd_sc_hd__buf_2)
     1    0.033937    0.088881    0.175035    2.618639 v output18/X (sky130_fd_sc_hd__buf_2)
                                                         otrip_decoded[7] (net)
                      0.088887    0.000614    2.619253 v otrip_decoded[7] (out)
                                              2.619253   data arrival time

                      0.000000    0.000000    0.000000   clock __VIRTUAL_CLK__ (rise edge)
                                  0.000000    0.000000   clock network delay (ideal)
                                  0.250000    0.250000   clock uncertainty
                                  0.000000    0.250000   clock reconvergence pessimism
                                 -2.000000   -1.750000   output external delay
                                             -1.750000   data required time
---------------------------------------------------------------------------------------------
                                             -1.750000   data required time
                                             -2.619253   data arrival time
---------------------------------------------------------------------------------------------
                                              4.369253   slack (MET)


Startpoint: otrip[3] (input port clocked by __VIRTUAL_CLK__)
Endpoint: otrip_decoded[9] (output port clocked by __VIRTUAL_CLK__)
Path Group: __VIRTUAL_CLK__
Path Type: min

Fanout         Cap        Slew       Delay        Time   Description
---------------------------------------------------------------------------------------------
                      0.000000    0.000000    0.000000   clock __VIRTUAL_CLK__ (rise edge)
                                  0.000000    0.000000   clock network delay (ideal)
                                  2.000000    2.000000 v input external delay
     1    0.002835    0.008708    0.004497    2.004497 v otrip[3] (in)
                                                         otrip[3] (net)
                      0.008708    0.000000    2.004497 v input4/A (sky130_fd_sc_hd__clkbuf_1)
     2    0.006732    0.047222    0.090590    2.095087 v input4/X (sky130_fd_sc_hd__clkbuf_1)
                                                         net4 (net)
                      0.047222    0.000127    2.095214 v fanout22/A (sky130_fd_sc_hd__buf_1)
     6    0.015906    0.097048    0.145813    2.241027 v fanout22/X (sky130_fd_sc_hd__buf_1)
                                                         net22 (net)
                      0.097049    0.000281    2.241308 v _09_/C (sky130_fd_sc_hd__and4bb_1)
     1    0.002376    0.032703    0.202634    2.443941 v _09_/X (sky130_fd_sc_hd__and4bb_1)
                                                         net20 (net)
                      0.032704    0.000068    2.444009 v output20/A (sky130_fd_sc_hd__buf_2)
     1    0.034241    0.089599    0.174691    2.618700 v output20/X (sky130_fd_sc_hd__buf_2)
                                                         otrip_decoded[9] (net)
                      0.089608    0.000736    2.619436 v otrip_decoded[9] (out)
                                              2.619436   data arrival time

                      0.000000    0.000000    0.000000   clock __VIRTUAL_CLK__ (rise edge)
                                  0.000000    0.000000   clock network delay (ideal)
                                  0.250000    0.250000   clock uncertainty
                                  0.000000    0.250000   clock reconvergence pessimism
                                 -2.000000   -1.750000   output external delay
                                             -1.750000   data required time
---------------------------------------------------------------------------------------------
                                             -1.750000   data required time
                                             -2.619436   data arrival time
---------------------------------------------------------------------------------------------
                                              4.369436   slack (MET)


Startpoint: otrip[2] (input port clocked by __VIRTUAL_CLK__)
Endpoint: otrip_decoded[5] (output port clocked by __VIRTUAL_CLK__)
Path Group: __VIRTUAL_CLK__
Path Type: min

Fanout         Cap        Slew       Delay        Time   Description
---------------------------------------------------------------------------------------------
                      0.000000    0.000000    0.000000   clock __VIRTUAL_CLK__ (rise edge)
                                  0.000000    0.000000   clock network delay (ideal)
                                  2.000000    2.000000 v input external delay
     1    0.003064    0.009239    0.004889    2.004889 v otrip[2] (in)
                                                         otrip[2] (net)
                      0.009240    0.000000    2.004889 v input3/A (sky130_fd_sc_hd__clkbuf_1)
     2    0.007014    0.048807    0.092052    2.096941 v input3/X (sky130_fd_sc_hd__clkbuf_1)
                                                         net3 (net)
                      0.048808    0.000189    2.097130 v fanout23/A (sky130_fd_sc_hd__clkbuf_2)
    10    0.029379    0.115363    0.176018    2.273148 v fanout23/X (sky130_fd_sc_hd__clkbuf_2)
                                                         net23 (net)
                      0.115393    0.001568    2.274716 v _05_/C (sky130_fd_sc_hd__and4bb_1)
     1    0.001871    0.030501    0.207499    2.482215 v _05_/X (sky130_fd_sc_hd__and4bb_1)
                                                         net16 (net)
                      0.030501    0.000052    2.482267 v output16/A (sky130_fd_sc_hd__buf_2)
     1    0.034008    0.089092    0.173343    2.655610 v output16/X (sky130_fd_sc_hd__buf_2)
                                                         otrip_decoded[5] (net)
                      0.089100    0.000686    2.656296 v otrip_decoded[5] (out)
                                              2.656296   data arrival time

                      0.000000    0.000000    0.000000   clock __VIRTUAL_CLK__ (rise edge)
                                  0.000000    0.000000   clock network delay (ideal)
                                  0.250000    0.250000   clock uncertainty
                                  0.000000    0.250000   clock reconvergence pessimism
                                 -2.000000   -1.750000   output external delay
                                             -1.750000   data required time
---------------------------------------------------------------------------------------------
                                             -1.750000   data required time
                                             -2.656296   data arrival time
---------------------------------------------------------------------------------------------
                                              4.406296   slack (MET)


Startpoint: otrip[1] (input port clocked by __VIRTUAL_CLK__)
Endpoint: otrip_decoded[6] (output port clocked by __VIRTUAL_CLK__)
Path Group: __VIRTUAL_CLK__
Path Type: min

Fanout         Cap        Slew       Delay        Time   Description
---------------------------------------------------------------------------------------------
                      0.000000    0.000000    0.000000   clock __VIRTUAL_CLK__ (rise edge)
                                  0.000000    0.000000   clock network delay (ideal)
                                  2.000000    2.000000 v input external delay
     1    0.002861    0.008767    0.004540    2.004540 v otrip[1] (in)
                                                         otrip[1] (net)
                      0.008768    0.000000    2.004540 v input2/A (sky130_fd_sc_hd__clkbuf_1)
     2    0.009013    0.059028    0.100653    2.105193 v input2/X (sky130_fd_sc_hd__clkbuf_1)
                                                         net2 (net)
                      0.059029    0.000210    2.105403 v fanout25/A (sky130_fd_sc_hd__clkbuf_2)
    10    0.026420    0.104647    0.172912    2.278315 v fanout25/X (sky130_fd_sc_hd__clkbuf_2)
                                                         net25 (net)
                      0.104653    0.000666    2.278981 v _06_/C (sky130_fd_sc_hd__and4bb_1)
     1    0.002199    0.031907    0.204875    2.483856 v _06_/X (sky130_fd_sc_hd__and4bb_1)
                                                         net17 (net)
                      0.031907    0.000061    2.483917 v output17/A (sky130_fd_sc_hd__buf_2)
     1    0.034440    0.090046    0.174694    2.658611 v output17/X (sky130_fd_sc_hd__buf_2)
                                                         otrip_decoded[6] (net)
                      0.090055    0.000768    2.659379 v otrip_decoded[6] (out)
                                              2.659379   data arrival time

                      0.000000    0.000000    0.000000   clock __VIRTUAL_CLK__ (rise edge)
                                  0.000000    0.000000   clock network delay (ideal)
                                  0.250000    0.250000   clock uncertainty
                                  0.000000    0.250000   clock reconvergence pessimism
                                 -2.000000   -1.750000   output external delay
                                             -1.750000   data required time
---------------------------------------------------------------------------------------------
                                             -1.750000   data required time
                                             -2.659379   data arrival time
---------------------------------------------------------------------------------------------
                                              4.409379   slack (MET)


Startpoint: otrip[1] (input port clocked by __VIRTUAL_CLK__)
Endpoint: otrip_decoded[3] (output port clocked by __VIRTUAL_CLK__)
Path Group: __VIRTUAL_CLK__
Path Type: min

Fanout         Cap        Slew       Delay        Time   Description
---------------------------------------------------------------------------------------------
                      0.000000    0.000000    0.000000   clock __VIRTUAL_CLK__ (rise edge)
                                  0.000000    0.000000   clock network delay (ideal)
                                  2.000000    2.000000 v input external delay
     1    0.002861    0.008767    0.004540    2.004540 v otrip[1] (in)
                                                         otrip[1] (net)
                      0.008768    0.000000    2.004540 v input2/A (sky130_fd_sc_hd__clkbuf_1)
     2    0.009013    0.059028    0.100653    2.105193 v input2/X (sky130_fd_sc_hd__clkbuf_1)
                                                         net2 (net)
                      0.059029    0.000210    2.105403 v fanout25/A (sky130_fd_sc_hd__clkbuf_2)
    10    0.026420    0.104647    0.172912    2.278315 v fanout25/X (sky130_fd_sc_hd__clkbuf_2)
                                                         net25 (net)
                      0.104652    0.000612    2.278927 v _03_/C (sky130_fd_sc_hd__and4bb_1)
     1    0.002549    0.033507    0.207342    2.486269 v _03_/X (sky130_fd_sc_hd__and4bb_1)
                                                         net14 (net)
                      0.033507    0.000071    2.486340 v output14/A (sky130_fd_sc_hd__buf_2)
     1    0.034124    0.089311    0.174874    2.661214 v output14/X (sky130_fd_sc_hd__buf_2)
                                                         otrip_decoded[3] (net)
                      0.089318    0.000664    2.661878 v otrip_decoded[3] (out)
                                              2.661878   data arrival time

                      0.000000    0.000000    0.000000   clock __VIRTUAL_CLK__ (rise edge)
                                  0.000000    0.000000   clock network delay (ideal)
                                  0.250000    0.250000   clock uncertainty
                                  0.000000    0.250000   clock reconvergence pessimism
                                 -2.000000   -1.750000   output external delay
                                             -1.750000   data required time
---------------------------------------------------------------------------------------------
                                             -1.750000   data required time
                                             -2.661878   data arrival time
---------------------------------------------------------------------------------------------
                                              4.411878   slack (MET)


Startpoint: otrip[1] (input port clocked by __VIRTUAL_CLK__)
Endpoint: otrip_decoded[10] (output port clocked by __VIRTUAL_CLK__)
Path Group: __VIRTUAL_CLK__
Path Type: min

Fanout         Cap        Slew       Delay        Time   Description
---------------------------------------------------------------------------------------------
                      0.000000    0.000000    0.000000   clock __VIRTUAL_CLK__ (rise edge)
                                  0.000000    0.000000   clock network delay (ideal)
                                  2.000000    2.000000 v input external delay
     1    0.002861    0.008767    0.004540    2.004540 v otrip[1] (in)
                                                         otrip[1] (net)
                      0.008768    0.000000    2.004540 v input2/A (sky130_fd_sc_hd__clkbuf_1)
     2    0.009013    0.059028    0.100653    2.105193 v input2/X (sky130_fd_sc_hd__clkbuf_1)
                                                         net2 (net)
                      0.059029    0.000210    2.105403 v fanout25/A (sky130_fd_sc_hd__clkbuf_2)
    10    0.026420    0.104647    0.172912    2.278315 v fanout25/X (sky130_fd_sc_hd__clkbuf_2)
                                                         net25 (net)
                      0.104654    0.000697    2.279012 v _10_/C (sky130_fd_sc_hd__and4bb_1)
     1    0.002566    0.033587    0.207459    2.486471 v _10_/X (sky130_fd_sc_hd__and4bb_1)
                                                         net6 (net)
                      0.033587    0.000073    2.486544 v output6/A (sky130_fd_sc_hd__buf_2)
     1    0.034091    0.089235    0.174852    2.661397 v output6/X (sky130_fd_sc_hd__buf_2)
                                                         otrip_decoded[10] (net)
                      0.089242    0.000656    2.662052 v otrip_decoded[10] (out)
                                              2.662052   data arrival time

                      0.000000    0.000000    0.000000   clock __VIRTUAL_CLK__ (rise edge)
                                  0.000000    0.000000   clock network delay (ideal)
                                  0.250000    0.250000   clock uncertainty
                                  0.000000    0.250000   clock reconvergence pessimism
                                 -2.000000   -1.750000   output external delay
                                             -1.750000   data required time
---------------------------------------------------------------------------------------------
                                             -1.750000   data required time
                                             -2.662052   data arrival time
---------------------------------------------------------------------------------------------
                                              4.412052   slack (MET)


Startpoint: otrip[2] (input port clocked by __VIRTUAL_CLK__)
Endpoint: otrip_decoded[12] (output port clocked by __VIRTUAL_CLK__)
Path Group: __VIRTUAL_CLK__
Path Type: min

Fanout         Cap        Slew       Delay        Time   Description
---------------------------------------------------------------------------------------------
                      0.000000    0.000000    0.000000   clock __VIRTUAL_CLK__ (rise edge)
                                  0.000000    0.000000   clock network delay (ideal)
                                  2.000000    2.000000 v input external delay
     1    0.003064    0.009239    0.004889    2.004889 v otrip[2] (in)
                                                         otrip[2] (net)
                      0.009240    0.000000    2.004889 v input3/A (sky130_fd_sc_hd__clkbuf_1)
     2    0.007014    0.048807    0.092052    2.096941 v input3/X (sky130_fd_sc_hd__clkbuf_1)
                                                         net3 (net)
                      0.048808    0.000189    2.097130 v fanout23/A (sky130_fd_sc_hd__clkbuf_2)
    10    0.029379    0.115363    0.176018    2.273148 v fanout23/X (sky130_fd_sc_hd__clkbuf_2)
                                                         net23 (net)
                      0.115393    0.001554    2.274702 v _12_/C (sky130_fd_sc_hd__and4bb_1)
     1    0.002756    0.034510    0.213713    2.488415 v _12_/X (sky130_fd_sc_hd__and4bb_1)
                                                         net8 (net)
                      0.034510    0.000085    2.488500 v output8/A (sky130_fd_sc_hd__buf_2)
     1    0.034175    0.089432    0.175368    2.663868 v output8/X (sky130_fd_sc_hd__buf_2)
                                                         otrip_decoded[12] (net)
                      0.089440    0.000707    2.664574 v otrip_decoded[12] (out)
                                              2.664574   data arrival time

                      0.000000    0.000000    0.000000   clock __VIRTUAL_CLK__ (rise edge)
                                  0.000000    0.000000   clock network delay (ideal)
                                  0.250000    0.250000   clock uncertainty
                                  0.000000    0.250000   clock reconvergence pessimism
                                 -2.000000   -1.750000   output external delay
                                             -1.750000   data required time
---------------------------------------------------------------------------------------------
                                             -1.750000   data required time
                                             -2.664574   data arrival time
---------------------------------------------------------------------------------------------
                                              4.414575   slack (MET)



