
===========================================================================
report_checks -path_delay min (Hold)
============================================================================
======================= nom_tt_025C_1v80 Corner ===================================

Startpoint: otrip[2] (input port clocked by __VIRTUAL_CLK__)
Endpoint: otrip_decoded[8] (output port clocked by __VIRTUAL_CLK__)
Path Group: __VIRTUAL_CLK__
Path Type: min

Fanout         Cap        Slew       Delay        Time   Description
---------------------------------------------------------------------------------------------
                      0.000000    0.000000    0.000000   clock __VIRTUAL_CLK__ (rise edge)
                                  0.000000    0.000000   clock network delay (ideal)
                                  2.000000    2.000000 ^ input external delay
     1    0.003288    0.021847    0.012034    2.012034 ^ otrip[2] (in)
                                                         otrip[2] (net)
                      0.021848    0.000000    2.012034 ^ input3/A (sky130_fd_sc_hd__clkbuf_1)
     2    0.006747    0.088022    0.103931    2.115965 ^ input3/X (sky130_fd_sc_hd__clkbuf_1)
                                                         net3 (net)
                      0.088023    0.000251    2.116215 ^ fanout24/A (sky130_fd_sc_hd__buf_1)
     6    0.013655    0.166689    0.179176    2.295392 ^ fanout24/X (sky130_fd_sc_hd__buf_1)
                                                         net24 (net)
                      0.166690    0.000347    2.295739 ^ _08_/C (sky130_fd_sc_hd__nor4b_1)
     1    0.002994    0.038867    0.073869    2.369608 v _08_/Y (sky130_fd_sc_hd__nor4b_1)
                                                         net19 (net)
                      0.038867    0.000077    2.369685 v output19/A (sky130_fd_sc_hd__buf_2)
     1    0.036829    0.092509    0.181939    2.551625 v output19/X (sky130_fd_sc_hd__buf_2)
                                                         otrip_decoded[8] (net)
                      0.092528    0.001096    2.552720 v otrip_decoded[8] (out)
                                              2.552720   data arrival time

                      0.000000    0.000000    0.000000   clock __VIRTUAL_CLK__ (rise edge)
                                  0.000000    0.000000   clock network delay (ideal)
                                  0.250000    0.250000   clock uncertainty
                                  0.000000    0.250000   clock reconvergence pessimism
                                 -2.000000   -1.750000   output external delay
                                             -1.750000   data required time
---------------------------------------------------------------------------------------------
                                             -1.750000   data required time
                                             -2.552720   data arrival time
---------------------------------------------------------------------------------------------
                                              4.302720   slack (MET)


Startpoint: otrip[0] (input port clocked by __VIRTUAL_CLK__)
Endpoint: otrip_decoded[4] (output port clocked by __VIRTUAL_CLK__)
Path Group: __VIRTUAL_CLK__
Path Type: min

Fanout         Cap        Slew       Delay        Time   Description
---------------------------------------------------------------------------------------------
                      0.000000    0.000000    0.000000   clock __VIRTUAL_CLK__ (rise edge)
                                  0.000000    0.000000   clock network delay (ideal)
                                  2.000000    2.000000 ^ input external delay
     1    0.003473    0.022653    0.012685    2.012685 ^ otrip[0] (in)
                                                         otrip[0] (net)
                      0.022654    0.000000    2.012685 ^ input1/A (sky130_fd_sc_hd__clkbuf_1)
     2    0.005778    0.077124    0.096542    2.109227 ^ input1/X (sky130_fd_sc_hd__clkbuf_1)
                                                         net1 (net)
                      0.077124    0.000183    2.109411 ^ fanout27/A (sky130_fd_sc_hd__clkbuf_2)
    10    0.028126    0.157060    0.196108    2.305519 ^ fanout27/X (sky130_fd_sc_hd__clkbuf_2)
                                                         net27 (net)
                      0.157062    0.000415    2.305934 ^ _04_/B (sky130_fd_sc_hd__nor4b_1)
     1    0.002759    0.037960    0.075106    2.381040 v _04_/Y (sky130_fd_sc_hd__nor4b_1)
                                                         net15 (net)
                      0.037960    0.000086    2.381127 v output15/A (sky130_fd_sc_hd__buf_2)
     1    0.034441    0.090046    0.177226    2.558352 v output15/X (sky130_fd_sc_hd__buf_2)
                                                         otrip_decoded[4] (net)
                      0.090057    0.000860    2.559212 v otrip_decoded[4] (out)
                                              2.559212   data arrival time

                      0.000000    0.000000    0.000000   clock __VIRTUAL_CLK__ (rise edge)
                                  0.000000    0.000000   clock network delay (ideal)
                                  0.250000    0.250000   clock uncertainty
                                  0.000000    0.250000   clock reconvergence pessimism
                                 -2.000000   -1.750000   output external delay
                                             -1.750000   data required time
---------------------------------------------------------------------------------------------
                                             -1.750000   data required time
                                             -2.559212   data arrival time
---------------------------------------------------------------------------------------------
                                              4.309212   slack (MET)


Startpoint: otrip[2] (input port clocked by __VIRTUAL_CLK__)
Endpoint: otrip_decoded[0] (output port clocked by __VIRTUAL_CLK__)
Path Group: __VIRTUAL_CLK__
Path Type: min

Fanout         Cap        Slew       Delay        Time   Description
---------------------------------------------------------------------------------------------
                      0.000000    0.000000    0.000000   clock __VIRTUAL_CLK__ (rise edge)
                                  0.000000    0.000000   clock network delay (ideal)
                                  2.000000    2.000000 ^ input external delay
     1    0.003288    0.021847    0.012034    2.012034 ^ otrip[2] (in)
                                                         otrip[2] (net)
                      0.021848    0.000000    2.012034 ^ input3/A (sky130_fd_sc_hd__clkbuf_1)
     2    0.006747    0.088022    0.103931    2.115965 ^ input3/X (sky130_fd_sc_hd__clkbuf_1)
                                                         net3 (net)
                      0.088023    0.000257    2.116222 ^ fanout23/A (sky130_fd_sc_hd__clkbuf_2)
    10    0.027586    0.154322    0.197924    2.314146 ^ fanout23/X (sky130_fd_sc_hd__clkbuf_2)
                                                         net23 (net)
                      0.154324    0.000525    2.314671 ^ _00_/D (sky130_fd_sc_hd__nor4_1)
     1    0.002977    0.045644    0.064715    2.379386 v _00_/Y (sky130_fd_sc_hd__nor4_1)
                                                         net5 (net)
                      0.045644    0.000076    2.379461 v output5/A (sky130_fd_sc_hd__buf_2)
     1    0.034998    0.091154    0.181636    2.561097 v output5/X (sky130_fd_sc_hd__buf_2)
                                                         otrip_decoded[0] (net)
                      0.091164    0.000784    2.561881 v otrip_decoded[0] (out)
                                              2.561881   data arrival time

                      0.000000    0.000000    0.000000   clock __VIRTUAL_CLK__ (rise edge)
                                  0.000000    0.000000   clock network delay (ideal)
                                  0.250000    0.250000   clock uncertainty
                                  0.000000    0.250000   clock reconvergence pessimism
                                 -2.000000   -1.750000   output external delay
                                             -1.750000   data required time
---------------------------------------------------------------------------------------------
                                             -1.750000   data required time
                                             -2.561881   data arrival time
---------------------------------------------------------------------------------------------
                                              4.311881   slack (MET)


Startpoint: otrip[0] (input port clocked by __VIRTUAL_CLK__)
Endpoint: otrip_decoded[2] (output port clocked by __VIRTUAL_CLK__)
Path Group: __VIRTUAL_CLK__
Path Type: min

Fanout         Cap        Slew       Delay        Time   Description
---------------------------------------------------------------------------------------------
                      0.000000    0.000000    0.000000   clock __VIRTUAL_CLK__ (rise edge)
                                  0.000000    0.000000   clock network delay (ideal)
                                  2.000000    2.000000 ^ input external delay
     1    0.003473    0.022653    0.012685    2.012685 ^ otrip[0] (in)
                                                         otrip[0] (net)
                      0.022654    0.000000    2.012685 ^ input1/A (sky130_fd_sc_hd__clkbuf_1)
     2    0.005778    0.077124    0.096542    2.109227 ^ input1/X (sky130_fd_sc_hd__clkbuf_1)
                                                         net1 (net)
                      0.077124    0.000183    2.109411 ^ fanout27/A (sky130_fd_sc_hd__clkbuf_2)
    10    0.028126    0.157060    0.196108    2.305519 ^ fanout27/X (sky130_fd_sc_hd__clkbuf_2)
                                                         net27 (net)
                      0.157062    0.000504    2.306023 ^ _02_/B (sky130_fd_sc_hd__nor4b_1)
     1    0.002759    0.037961    0.075106    2.381129 v _02_/Y (sky130_fd_sc_hd__nor4b_1)
                                                         net13 (net)
                      0.037961    0.000089    2.381217 v output13/A (sky130_fd_sc_hd__buf_2)
     1    0.036423    0.092660    0.180683    2.561900 v output13/X (sky130_fd_sc_hd__buf_2)
                                                         otrip_decoded[2] (net)
                      0.092684    0.001227    2.563127 v otrip_decoded[2] (out)
                                              2.563127   data arrival time

                      0.000000    0.000000    0.000000   clock __VIRTUAL_CLK__ (rise edge)
                                  0.000000    0.000000   clock network delay (ideal)
                                  0.250000    0.250000   clock uncertainty
                                  0.000000    0.250000   clock reconvergence pessimism
                                 -2.000000   -1.750000   output external delay
                                             -1.750000   data required time
---------------------------------------------------------------------------------------------
                                             -1.750000   data required time
                                             -2.563127   data arrival time
---------------------------------------------------------------------------------------------
                                              4.313127   slack (MET)


Startpoint: otrip[2] (input port clocked by __VIRTUAL_CLK__)
Endpoint: otrip_decoded[1] (output port clocked by __VIRTUAL_CLK__)
Path Group: __VIRTUAL_CLK__
Path Type: min

Fanout         Cap        Slew       Delay        Time   Description
---------------------------------------------------------------------------------------------
                      0.000000    0.000000    0.000000   clock __VIRTUAL_CLK__ (rise edge)
                                  0.000000    0.000000   clock network delay (ideal)
                                  2.000000    2.000000 ^ input external delay
     1    0.003288    0.021847    0.012034    2.012034 ^ otrip[2] (in)
                                                         otrip[2] (net)
                      0.021848    0.000000    2.012034 ^ input3/A (sky130_fd_sc_hd__clkbuf_1)
     2    0.006747    0.088022    0.103931    2.115965 ^ input3/X (sky130_fd_sc_hd__clkbuf_1)
                                                         net3 (net)
                      0.088023    0.000257    2.116222 ^ fanout23/A (sky130_fd_sc_hd__clkbuf_2)
    10    0.027586    0.154322    0.197924    2.314146 ^ fanout23/X (sky130_fd_sc_hd__clkbuf_2)
                                                         net23 (net)
                      0.154330    0.000919    2.315065 ^ _01_/C (sky130_fd_sc_hd__nor4b_1)
     1    0.002681    0.037663    0.070250    2.385315 v _01_/Y (sky130_fd_sc_hd__nor4b_1)
                                                         net12 (net)
                      0.037663    0.000085    2.385400 v output12/A (sky130_fd_sc_hd__buf_2)
     1    0.034712    0.090673    0.177527    2.562928 v output12/X (sky130_fd_sc_hd__buf_2)
                                                         otrip_decoded[1] (net)
                      0.090687    0.000960    2.563888 v otrip_decoded[1] (out)
                                              2.563888   data arrival time

                      0.000000    0.000000    0.000000   clock __VIRTUAL_CLK__ (rise edge)
                                  0.000000    0.000000   clock network delay (ideal)
                                  0.250000    0.250000   clock uncertainty
                                  0.000000    0.250000   clock reconvergence pessimism
                                 -2.000000   -1.750000   output external delay
                                             -1.750000   data required time
---------------------------------------------------------------------------------------------
                                             -1.750000   data required time
                                             -2.563888   data arrival time
---------------------------------------------------------------------------------------------
                                              4.313888   slack (MET)


Startpoint: otrip[3] (input port clocked by __VIRTUAL_CLK__)
Endpoint: otrip_decoded[15] (output port clocked by __VIRTUAL_CLK__)
Path Group: __VIRTUAL_CLK__
Path Type: min

Fanout         Cap        Slew       Delay        Time   Description
---------------------------------------------------------------------------------------------
                      0.000000    0.000000    0.000000   clock __VIRTUAL_CLK__ (rise edge)
                                  0.000000    0.000000   clock network delay (ideal)
                                  2.000000    2.000000 v input external delay
     1    0.003376    0.009975    0.005418    2.005418 v otrip[3] (in)
                                                         otrip[3] (net)
                      0.009976    0.000000    2.005418 v input4/A (sky130_fd_sc_hd__clkbuf_1)
     2    0.006417    0.045524    0.089637    2.095055 v input4/X (sky130_fd_sc_hd__clkbuf_1)
                                                         net4 (net)
                      0.045524    0.000130    2.095185 v fanout22/A (sky130_fd_sc_hd__buf_1)
     6    0.014348    0.088469    0.138488    2.233673 v fanout22/X (sky130_fd_sc_hd__buf_1)
                                                         net22 (net)
                      0.088474    0.000596    2.234268 v _15_/A (sky130_fd_sc_hd__and4_1)
     1    0.003703    0.037411    0.167170    2.401438 v _15_/X (sky130_fd_sc_hd__and4_1)
                                                         net11 (net)
                      0.037412    0.000133    2.401572 v output11/A (sky130_fd_sc_hd__buf_2)
     1    0.035038    0.091306    0.178155    2.579727 v output11/X (sky130_fd_sc_hd__buf_2)
                                                         otrip_decoded[15] (net)
                      0.091316    0.000796    2.580523 v otrip_decoded[15] (out)
                                              2.580523   data arrival time

                      0.000000    0.000000    0.000000   clock __VIRTUAL_CLK__ (rise edge)
                                  0.000000    0.000000   clock network delay (ideal)
                                  0.250000    0.250000   clock uncertainty
                                  0.000000    0.250000   clock reconvergence pessimism
                                 -2.000000   -1.750000   output external delay
                                             -1.750000   data required time
---------------------------------------------------------------------------------------------
                                             -1.750000   data required time
                                             -2.580523   data arrival time
---------------------------------------------------------------------------------------------
                                              4.330523   slack (MET)


Startpoint: otrip[2] (input port clocked by __VIRTUAL_CLK__)
Endpoint: otrip_decoded[13] (output port clocked by __VIRTUAL_CLK__)
Path Group: __VIRTUAL_CLK__
Path Type: min

Fanout         Cap        Slew       Delay        Time   Description
---------------------------------------------------------------------------------------------
                      0.000000    0.000000    0.000000   clock __VIRTUAL_CLK__ (rise edge)
                                  0.000000    0.000000   clock network delay (ideal)
                                  2.000000    2.000000 v input external delay
     1    0.003112    0.009359    0.004968    2.004968 v otrip[2] (in)
                                                         otrip[2] (net)
                      0.009359    0.000000    2.004968 v input3/A (sky130_fd_sc_hd__clkbuf_1)
     2    0.006341    0.045135    0.088987    2.093955 v input3/X (sky130_fd_sc_hd__clkbuf_1)
                                                         net3 (net)
                      0.045137    0.000233    2.094188 v fanout24/A (sky130_fd_sc_hd__buf_1)
     6    0.012847    0.080119    0.132206    2.226394 v fanout24/X (sky130_fd_sc_hd__buf_1)
                                                         net24 (net)
                      0.080121    0.000294    2.226688 v _13_/B (sky130_fd_sc_hd__and4b_1)
     1    0.002445    0.033766    0.180422    2.407110 v _13_/X (sky130_fd_sc_hd__and4b_1)
                                                         net9 (net)
                      0.033766    0.000055    2.407165 v output9/A (sky130_fd_sc_hd__buf_2)
     1    0.034754    0.090712    0.176072    2.583237 v output9/X (sky130_fd_sc_hd__buf_2)
                                                         otrip_decoded[13] (net)
                      0.090721    0.000774    2.584012 v otrip_decoded[13] (out)
                                              2.584012   data arrival time

                      0.000000    0.000000    0.000000   clock __VIRTUAL_CLK__ (rise edge)
                                  0.000000    0.000000   clock network delay (ideal)
                                  0.250000    0.250000   clock uncertainty
                                  0.000000    0.250000   clock reconvergence pessimism
                                 -2.000000   -1.750000   output external delay
                                             -1.750000   data required time
---------------------------------------------------------------------------------------------
                                             -1.750000   data required time
                                             -2.584012   data arrival time
---------------------------------------------------------------------------------------------
                                              4.334012   slack (MET)


Startpoint: otrip[1] (input port clocked by __VIRTUAL_CLK__)
Endpoint: otrip_decoded[11] (output port clocked by __VIRTUAL_CLK__)
Path Group: __VIRTUAL_CLK__
Path Type: min

Fanout         Cap        Slew       Delay        Time   Description
---------------------------------------------------------------------------------------------
                      0.000000    0.000000    0.000000   clock __VIRTUAL_CLK__ (rise edge)
                                  0.000000    0.000000   clock network delay (ideal)
                                  2.000000    2.000000 v input external delay
     1    0.003301    0.009800    0.005291    2.005291 v otrip[1] (in)
                                                         otrip[1] (net)
                      0.009801    0.000000    2.005291 v input2/A (sky130_fd_sc_hd__clkbuf_1)
     2    0.007169    0.049597    0.092948    2.098239 v input2/X (sky130_fd_sc_hd__clkbuf_1)
                                                         net2 (net)
                      0.049599    0.000244    2.098483 v fanout26/A (sky130_fd_sc_hd__buf_1)
     6    0.013161    0.081857    0.135468    2.233951 v fanout26/X (sky130_fd_sc_hd__buf_1)
                                                         net26 (net)
                      0.081858    0.000185    2.234136 v _11_/B (sky130_fd_sc_hd__and4b_1)
     1    0.002183    0.032615    0.179412    2.413548 v _11_/X (sky130_fd_sc_hd__and4b_1)
                                                         net7 (net)
                      0.032615    0.000046    2.413594 v output7/A (sky130_fd_sc_hd__buf_2)
     1    0.034615    0.090400    0.175354    2.588948 v output7/X (sky130_fd_sc_hd__buf_2)
                                                         otrip_decoded[11] (net)
                      0.090408    0.000725    2.589673 v otrip_decoded[11] (out)
                                              2.589673   data arrival time

                      0.000000    0.000000    0.000000   clock __VIRTUAL_CLK__ (rise edge)
                                  0.000000    0.000000   clock network delay (ideal)
                                  0.250000    0.250000   clock uncertainty
                                  0.000000    0.250000   clock reconvergence pessimism
                                 -2.000000   -1.750000   output external delay
                                             -1.750000   data required time
---------------------------------------------------------------------------------------------
                                             -1.750000   data required time
                                             -2.589673   data arrival time
---------------------------------------------------------------------------------------------
                                              4.339673   slack (MET)


Startpoint: otrip[1] (input port clocked by __VIRTUAL_CLK__)
Endpoint: otrip_decoded[14] (output port clocked by __VIRTUAL_CLK__)
Path Group: __VIRTUAL_CLK__
Path Type: min

Fanout         Cap        Slew       Delay        Time   Description
---------------------------------------------------------------------------------------------
                      0.000000    0.000000    0.000000   clock __VIRTUAL_CLK__ (rise edge)
                                  0.000000    0.000000   clock network delay (ideal)
                                  2.000000    2.000000 v input external delay
     1    0.003301    0.009800    0.005291    2.005291 v otrip[1] (in)
                                                         otrip[1] (net)
                      0.009801    0.000000    2.005291 v input2/A (sky130_fd_sc_hd__clkbuf_1)
     2    0.007169    0.049597    0.092948    2.098239 v input2/X (sky130_fd_sc_hd__clkbuf_1)
                                                         net2 (net)
                      0.049599    0.000244    2.098483 v fanout26/A (sky130_fd_sc_hd__buf_1)
     6    0.013161    0.081857    0.135468    2.233951 v fanout26/X (sky130_fd_sc_hd__buf_1)
                                                         net26 (net)
                      0.081859    0.000358    2.234309 v _14_/B (sky130_fd_sc_hd__and4b_1)
     1    0.002696    0.034971    0.182927    2.417236 v _14_/X (sky130_fd_sc_hd__and4b_1)
                                                         net10 (net)
                      0.034972    0.000083    2.417319 v output10/A (sky130_fd_sc_hd__buf_2)
     1    0.037056    0.092956    0.180804    2.598123 v output10/X (sky130_fd_sc_hd__buf_2)
                                                         otrip_decoded[14] (net)
                      0.092970    0.000933    2.599057 v otrip_decoded[14] (out)
                                              2.599057   data arrival time

                      0.000000    0.000000    0.000000   clock __VIRTUAL_CLK__ (rise edge)
                                  0.000000    0.000000   clock network delay (ideal)
                                  0.250000    0.250000   clock uncertainty
                                  0.000000    0.250000   clock reconvergence pessimism
                                 -2.000000   -1.750000   output external delay
                                             -1.750000   data required time
---------------------------------------------------------------------------------------------
                                             -1.750000   data required time
                                             -2.599057   data arrival time
---------------------------------------------------------------------------------------------
                                              4.349057   slack (MET)


Startpoint: otrip[1] (input port clocked by __VIRTUAL_CLK__)
Endpoint: otrip_decoded[7] (output port clocked by __VIRTUAL_CLK__)
Path Group: __VIRTUAL_CLK__
Path Type: min

Fanout         Cap        Slew       Delay        Time   Description
---------------------------------------------------------------------------------------------
                      0.000000    0.000000    0.000000   clock __VIRTUAL_CLK__ (rise edge)
                                  0.000000    0.000000   clock network delay (ideal)
                                  2.000000    2.000000 v input external delay
     1    0.003301    0.009800    0.005291    2.005291 v otrip[1] (in)
                                                         otrip[1] (net)
                      0.009801    0.000000    2.005291 v input2/A (sky130_fd_sc_hd__clkbuf_1)
     2    0.007169    0.049597    0.092948    2.098239 v input2/X (sky130_fd_sc_hd__clkbuf_1)
                                                         net2 (net)
                      0.049599    0.000244    2.098483 v fanout26/A (sky130_fd_sc_hd__buf_1)
     6    0.013161    0.081857    0.135468    2.233951 v fanout26/X (sky130_fd_sc_hd__buf_1)
                                                         net26 (net)
                      0.081859    0.000327    2.234278 v _07_/C (sky130_fd_sc_hd__and4b_1)
     1    0.002541    0.034217    0.194655    2.428933 v _07_/X (sky130_fd_sc_hd__and4b_1)
                                                         net18 (net)
                      0.034217    0.000077    2.429009 v output18/A (sky130_fd_sc_hd__buf_2)
     1    0.033891    0.088898    0.174578    2.603587 v output18/X (sky130_fd_sc_hd__buf_2)
                                                         otrip_decoded[7] (net)
                      0.088909    0.000870    2.604457 v otrip_decoded[7] (out)
                                              2.604457   data arrival time

                      0.000000    0.000000    0.000000   clock __VIRTUAL_CLK__ (rise edge)
                                  0.000000    0.000000   clock network delay (ideal)
                                  0.250000    0.250000   clock uncertainty
                                  0.000000    0.250000   clock reconvergence pessimism
                                 -2.000000   -1.750000   output external delay
                                             -1.750000   data required time
---------------------------------------------------------------------------------------------
                                             -1.750000   data required time
                                             -2.604457   data arrival time
---------------------------------------------------------------------------------------------
                                              4.354457   slack (MET)


Startpoint: otrip[3] (input port clocked by __VIRTUAL_CLK__)
Endpoint: otrip_decoded[9] (output port clocked by __VIRTUAL_CLK__)
Path Group: __VIRTUAL_CLK__
Path Type: min

Fanout         Cap        Slew       Delay        Time   Description
---------------------------------------------------------------------------------------------
                      0.000000    0.000000    0.000000   clock __VIRTUAL_CLK__ (rise edge)
                                  0.000000    0.000000   clock network delay (ideal)
                                  2.000000    2.000000 v input external delay
     1    0.003376    0.009975    0.005418    2.005418 v otrip[3] (in)
                                                         otrip[3] (net)
                      0.009976    0.000000    2.005418 v input4/A (sky130_fd_sc_hd__clkbuf_1)
     2    0.006417    0.045524    0.089637    2.095055 v input4/X (sky130_fd_sc_hd__clkbuf_1)
                                                         net4 (net)
                      0.045524    0.000130    2.095185 v fanout22/A (sky130_fd_sc_hd__buf_1)
     6    0.014348    0.088469    0.138488    2.233673 v fanout22/X (sky130_fd_sc_hd__buf_1)
                                                         net22 (net)
                      0.088471    0.000395    2.234068 v _09_/C (sky130_fd_sc_hd__and4bb_1)
     1    0.002684    0.034195    0.200866    2.434934 v _09_/X (sky130_fd_sc_hd__and4bb_1)
                                                         net20 (net)
                      0.034195    0.000083    2.435017 v output20/A (sky130_fd_sc_hd__buf_2)
     1    0.034561    0.090350    0.175793    2.610810 v output20/X (sky130_fd_sc_hd__buf_2)
                                                         otrip_decoded[9] (net)
                      0.090363    0.000905    2.611715 v otrip_decoded[9] (out)
                                              2.611715   data arrival time

                      0.000000    0.000000    0.000000   clock __VIRTUAL_CLK__ (rise edge)
                                  0.000000    0.000000   clock network delay (ideal)
                                  0.250000    0.250000   clock uncertainty
                                  0.000000    0.250000   clock reconvergence pessimism
                                 -2.000000   -1.750000   output external delay
                                             -1.750000   data required time
---------------------------------------------------------------------------------------------
                                             -1.750000   data required time
                                             -2.611715   data arrival time
---------------------------------------------------------------------------------------------
                                              4.361715   slack (MET)


Startpoint: otrip[2] (input port clocked by __VIRTUAL_CLK__)
Endpoint: otrip_decoded[5] (output port clocked by __VIRTUAL_CLK__)
Path Group: __VIRTUAL_CLK__
Path Type: min

Fanout         Cap        Slew       Delay        Time   Description
---------------------------------------------------------------------------------------------
                      0.000000    0.000000    0.000000   clock __VIRTUAL_CLK__ (rise edge)
                                  0.000000    0.000000   clock network delay (ideal)
                                  2.000000    2.000000 v input external delay
     1    0.003112    0.009359    0.004968    2.004968 v otrip[2] (in)
                                                         otrip[2] (net)
                      0.009359    0.000000    2.004968 v input3/A (sky130_fd_sc_hd__clkbuf_1)
     2    0.006341    0.045135    0.088987    2.093955 v input3/X (sky130_fd_sc_hd__clkbuf_1)
                                                         net3 (net)
                      0.045137    0.000238    2.094193 v fanout23/A (sky130_fd_sc_hd__clkbuf_2)
    10    0.025914    0.102988    0.165114    2.259308 v fanout23/X (sky130_fd_sc_hd__clkbuf_2)
                                                         net23 (net)
                      0.103006    0.001140    2.260448 v _05_/C (sky130_fd_sc_hd__and4bb_1)
     1    0.002314    0.032420    0.204934    2.465381 v _05_/X (sky130_fd_sc_hd__and4bb_1)
                                                         net16 (net)
                      0.032420    0.000050    2.465431 v output16/A (sky130_fd_sc_hd__buf_2)
     1    0.034670    0.090606    0.175214    2.640645 v output16/X (sky130_fd_sc_hd__buf_2)
                                                         otrip_decoded[5] (net)
                      0.090619    0.000931    2.641576 v otrip_decoded[5] (out)
                                              2.641576   data arrival time

                      0.000000    0.000000    0.000000   clock __VIRTUAL_CLK__ (rise edge)
                                  0.000000    0.000000   clock network delay (ideal)
                                  0.250000    0.250000   clock uncertainty
                                  0.000000    0.250000   clock reconvergence pessimism
                                 -2.000000   -1.750000   output external delay
                                             -1.750000   data required time
---------------------------------------------------------------------------------------------
                                             -1.750000   data required time
                                             -2.641576   data arrival time
---------------------------------------------------------------------------------------------
                                              4.391576   slack (MET)


Startpoint: otrip[1] (input port clocked by __VIRTUAL_CLK__)
Endpoint: otrip_decoded[6] (output port clocked by __VIRTUAL_CLK__)
Path Group: __VIRTUAL_CLK__
Path Type: min

Fanout         Cap        Slew       Delay        Time   Description
---------------------------------------------------------------------------------------------
                      0.000000    0.000000    0.000000   clock __VIRTUAL_CLK__ (rise edge)
                                  0.000000    0.000000   clock network delay (ideal)
                                  2.000000    2.000000 v input external delay
     1    0.003301    0.009800    0.005291    2.005291 v otrip[1] (in)
                                                         otrip[1] (net)
                      0.009801    0.000000    2.005291 v input2/A (sky130_fd_sc_hd__clkbuf_1)
     2    0.007169    0.049597    0.092948    2.098239 v input2/X (sky130_fd_sc_hd__clkbuf_1)
                                                         net2 (net)
                      0.049598    0.000224    2.098463 v fanout25/A (sky130_fd_sc_hd__clkbuf_2)
    10    0.025829    0.102580    0.167051    2.265514 v fanout25/X (sky130_fd_sc_hd__clkbuf_2)
                                                         net25 (net)
                      0.102587    0.000703    2.266217 v _06_/C (sky130_fd_sc_hd__and4bb_1)
     1    0.002002    0.031071    0.202546    2.468764 v _06_/X (sky130_fd_sc_hd__and4bb_1)
                                                         net17 (net)
                      0.031071    0.000041    2.468804 v output17/A (sky130_fd_sc_hd__buf_2)
     1    0.034629    0.090523    0.174567    2.643371 v output17/X (sky130_fd_sc_hd__buf_2)
                                                         otrip_decoded[6] (net)
                      0.090536    0.000918    2.644289 v otrip_decoded[6] (out)
                                              2.644289   data arrival time

                      0.000000    0.000000    0.000000   clock __VIRTUAL_CLK__ (rise edge)
                                  0.000000    0.000000   clock network delay (ideal)
                                  0.250000    0.250000   clock uncertainty
                                  0.000000    0.250000   clock reconvergence pessimism
                                 -2.000000   -1.750000   output external delay
                                             -1.750000   data required time
---------------------------------------------------------------------------------------------
                                             -1.750000   data required time
                                             -2.644289   data arrival time
---------------------------------------------------------------------------------------------
                                              4.394289   slack (MET)


Startpoint: otrip[1] (input port clocked by __VIRTUAL_CLK__)
Endpoint: otrip_decoded[10] (output port clocked by __VIRTUAL_CLK__)
Path Group: __VIRTUAL_CLK__
Path Type: min

Fanout         Cap        Slew       Delay        Time   Description
---------------------------------------------------------------------------------------------
                      0.000000    0.000000    0.000000   clock __VIRTUAL_CLK__ (rise edge)
                                  0.000000    0.000000   clock network delay (ideal)
                                  2.000000    2.000000 v input external delay
     1    0.003301    0.009800    0.005291    2.005291 v otrip[1] (in)
                                                         otrip[1] (net)
                      0.009801    0.000000    2.005291 v input2/A (sky130_fd_sc_hd__clkbuf_1)
     2    0.007169    0.049597    0.092948    2.098239 v input2/X (sky130_fd_sc_hd__clkbuf_1)
                                                         net2 (net)
                      0.049598    0.000224    2.098463 v fanout25/A (sky130_fd_sc_hd__clkbuf_2)
    10    0.025829    0.102580    0.167051    2.265514 v fanout25/X (sky130_fd_sc_hd__clkbuf_2)
                                                         net25 (net)
                      0.102588    0.000758    2.266272 v _10_/C (sky130_fd_sc_hd__and4bb_1)
     1    0.002563    0.033600    0.206486    2.472759 v _10_/X (sky130_fd_sc_hd__and4bb_1)
                                                         net6 (net)
                      0.033600    0.000081    2.472840 v output6/A (sky130_fd_sc_hd__buf_2)
     1    0.033442    0.087291    0.174173    2.647013 v output6/X (sky130_fd_sc_hd__buf_2)
                                                         otrip_decoded[10] (net)
                      0.087291    0.000000    2.647013 v otrip_decoded[10] (out)
                                              2.647013   data arrival time

                      0.000000    0.000000    0.000000   clock __VIRTUAL_CLK__ (rise edge)
                                  0.000000    0.000000   clock network delay (ideal)
                                  0.250000    0.250000   clock uncertainty
                                  0.000000    0.250000   clock reconvergence pessimism
                                 -2.000000   -1.750000   output external delay
                                             -1.750000   data required time
---------------------------------------------------------------------------------------------
                                             -1.750000   data required time
                                             -2.647013   data arrival time
---------------------------------------------------------------------------------------------
                                              4.397013   slack (MET)


Startpoint: otrip[2] (input port clocked by __VIRTUAL_CLK__)
Endpoint: otrip_decoded[12] (output port clocked by __VIRTUAL_CLK__)
Path Group: __VIRTUAL_CLK__
Path Type: min

Fanout         Cap        Slew       Delay        Time   Description
---------------------------------------------------------------------------------------------
                      0.000000    0.000000    0.000000   clock __VIRTUAL_CLK__ (rise edge)
                                  0.000000    0.000000   clock network delay (ideal)
                                  2.000000    2.000000 v input external delay
     1    0.003112    0.009359    0.004968    2.004968 v otrip[2] (in)
                                                         otrip[2] (net)
                      0.009359    0.000000    2.004968 v input3/A (sky130_fd_sc_hd__clkbuf_1)
     2    0.006341    0.045135    0.088987    2.093955 v input3/X (sky130_fd_sc_hd__clkbuf_1)
                                                         net3 (net)
                      0.045137    0.000238    2.094193 v fanout23/A (sky130_fd_sc_hd__clkbuf_2)
    10    0.025914    0.102988    0.165114    2.259308 v fanout23/X (sky130_fd_sc_hd__clkbuf_2)
                                                         net23 (net)
                      0.103006    0.001132    2.260439 v _12_/C (sky130_fd_sc_hd__and4bb_1)
     1    0.003028    0.035895    0.209952    2.470391 v _12_/X (sky130_fd_sc_hd__and4bb_1)
                                                         net8 (net)
                      0.035895    0.000098    2.470489 v output8/A (sky130_fd_sc_hd__buf_2)
     1    0.035023    0.091368    0.177319    2.647808 v output8/X (sky130_fd_sc_hd__buf_2)
                                                         otrip_decoded[12] (net)
                      0.091384    0.000997    2.648805 v otrip_decoded[12] (out)
                                              2.648805   data arrival time

                      0.000000    0.000000    0.000000   clock __VIRTUAL_CLK__ (rise edge)
                                  0.000000    0.000000   clock network delay (ideal)
                                  0.250000    0.250000   clock uncertainty
                                  0.000000    0.250000   clock reconvergence pessimism
                                 -2.000000   -1.750000   output external delay
                                             -1.750000   data required time
---------------------------------------------------------------------------------------------
                                             -1.750000   data required time
                                             -2.648805   data arrival time
---------------------------------------------------------------------------------------------
                                              4.398805   slack (MET)


Startpoint: otrip[1] (input port clocked by __VIRTUAL_CLK__)
Endpoint: otrip_decoded[3] (output port clocked by __VIRTUAL_CLK__)
Path Group: __VIRTUAL_CLK__
Path Type: min

Fanout         Cap        Slew       Delay        Time   Description
---------------------------------------------------------------------------------------------
                      0.000000    0.000000    0.000000   clock __VIRTUAL_CLK__ (rise edge)
                                  0.000000    0.000000   clock network delay (ideal)
                                  2.000000    2.000000 v input external delay
     1    0.003301    0.009800    0.005291    2.005291 v otrip[1] (in)
                                                         otrip[1] (net)
                      0.009801    0.000000    2.005291 v input2/A (sky130_fd_sc_hd__clkbuf_1)
     2    0.007169    0.049597    0.092948    2.098239 v input2/X (sky130_fd_sc_hd__clkbuf_1)
                                                         net2 (net)
                      0.049598    0.000224    2.098463 v fanout25/A (sky130_fd_sc_hd__clkbuf_2)
    10    0.025829    0.102580    0.167051    2.265514 v fanout25/X (sky130_fd_sc_hd__clkbuf_2)
                                                         net25 (net)
                      0.102585    0.000611    2.266125 v _03_/C (sky130_fd_sc_hd__and4bb_1)
     1    0.002794    0.034726    0.208113    2.474238 v _03_/X (sky130_fd_sc_hd__and4bb_1)
                                                         net14 (net)
                      0.034727    0.000089    2.474328 v output14/A (sky130_fd_sc_hd__buf_2)
     1    0.035069    0.091477    0.176900    2.651227 v output14/X (sky130_fd_sc_hd__buf_2)
                                                         otrip_decoded[3] (net)
                      0.091492    0.000999    2.652227 v otrip_decoded[3] (out)
                                              2.652227   data arrival time

                      0.000000    0.000000    0.000000   clock __VIRTUAL_CLK__ (rise edge)
                                  0.000000    0.000000   clock network delay (ideal)
                                  0.250000    0.250000   clock uncertainty
                                  0.000000    0.250000   clock reconvergence pessimism
                                 -2.000000   -1.750000   output external delay
                                             -1.750000   data required time
---------------------------------------------------------------------------------------------
                                             -1.750000   data required time
                                             -2.652227   data arrival time
---------------------------------------------------------------------------------------------
                                              4.402227   slack (MET)



