
===========================================================================
report_checks -unconstrained
===========================================================================
======================= min_ff_n40C_1v95 Corner ===================================

Startpoint: otrip[3] (input port clocked by __VIRTUAL_CLK__)
Endpoint: otrip_decoded[4] (output port clocked by __VIRTUAL_CLK__)
Path Group: __VIRTUAL_CLK__
Path Type: max

Fanout         Cap        Slew       Delay        Time   Description
---------------------------------------------------------------------------------------------
                      0.000000    0.000000    0.000000   clock __VIRTUAL_CLK__ (rise edge)
                                  0.000000    0.000000   clock network delay (ideal)
                                  2.000000    2.000000 v input external delay
     1    0.002839    0.004787    0.002298    2.002298 v otrip[3] (in)
                                                         otrip[3] (net)
                      0.004788    0.000000    2.002298 v input4/A (sky130_fd_sc_hd__clkbuf_1)
     2    0.006589    0.031742    0.058808    2.061106 v input4/X (sky130_fd_sc_hd__clkbuf_1)
                                                         net4 (net)
                      0.031742    0.000031    2.061137 v fanout21/A (sky130_fd_sc_hd__clkbuf_2)
    10    0.030328    0.081980    0.120147    2.181284 v fanout21/X (sky130_fd_sc_hd__clkbuf_2)
                                                         net21 (net)
                      0.081985    0.000563    2.181847 v _04_/A (sky130_fd_sc_hd__nor4b_1)
     1    0.002173    0.147396    0.188466    2.370313 ^ _04_/Y (sky130_fd_sc_hd__nor4b_1)
                                                         net15 (net)
                      0.147396    0.000019    2.370332 ^ output15/A (sky130_fd_sc_hd__buf_2)
     1    0.034320    0.128431    0.162747    2.533079 ^ output15/X (sky130_fd_sc_hd__buf_2)
                                                         otrip_decoded[4] (net)
                      0.128432    0.000357    2.533436 ^ otrip_decoded[4] (out)
                                              2.533436   data arrival time

                      0.000000   10.000000   10.000000   clock __VIRTUAL_CLK__ (rise edge)
                                  0.000000   10.000000   clock network delay (ideal)
                                 -0.250000    9.750000   clock uncertainty
                                  0.000000    9.750000   clock reconvergence pessimism
                                 -2.000000    7.750000   output external delay
                                              7.750000   data required time
---------------------------------------------------------------------------------------------
                                              7.750000   data required time
                                             -2.533436   data arrival time
---------------------------------------------------------------------------------------------
                                              5.216564   slack (MET)




===========================================================================
report_checks --slack_max -0.01
============================================================================
======================= min_ff_n40C_1v95 Corner ===================================

No paths found.


===========================================================================
 report_check_types -max_slew -max_cap -max_fanout -violators
============================================================================
======================= min_ff_n40C_1v95 Corner ===================================



===========================================================================
report_parasitic_annotation -report_unannotated
============================================================================
Found 0 unannotated drivers.
Found 0 partially unannotated drivers.

===========================================================================
max slew violation count 0
max fanout violation count 0
max cap violation count 0
============================================================================

===========================================================================
check_setup -verbose -unconstrained_endpoints -multiple_clock -no_clock -no_input_delay -loops -generated_clocks
===========================================================================
