
===========================================================================
 report_power
============================================================================
======================= min_ff_n40C_1v95 Corner ===================================

Group                    Internal    Switching      Leakage        Total
                            Power        Power        Power        Power (Watts)
------------------------------------------------------------------------
Sequential           0.000000e+00 0.000000e+00 0.000000e+00 0.000000e+00   0.0%
Combinational        4.670319e-06 9.626436e-06 3.163371e-10 1.429707e-05 100.0%
Clock                0.000000e+00 0.000000e+00 2.737801e-10 2.737801e-10   0.0%
Macro                0.000000e+00 0.000000e+00 0.000000e+00 0.000000e+00   0.0%
Pad                  0.000000e+00 0.000000e+00 0.000000e+00 0.000000e+00   0.0%
------------------------------------------------------------------------
Total                4.670319e-06 9.626436e-06 5.901173e-10 1.429734e-05 100.0%
                            32.7%        67.3%         0.0%

